Archive member included to satisfy reference by file (symbol)

c:/program files (x86)/atmel/studio/7.0/toolchain/arm/arm-gnu-toolchain/bin/../lib/gcc/arm-none-eabi/6.3.1/../../../../arm-none-eabi/lib/thumb/v7e-m\libc_nano.a(lib_a-exit.o)
                              c:/program files (x86)/atmel/studio/7.0/toolchain/arm/arm-gnu-toolchain/bin/../lib/gcc/arm-none-eabi/6.3.1/../../../../arm-none-eabi/lib/thumb/v7e-m/crt0.o (exit)
c:/program files (x86)/atmel/studio/7.0/toolchain/arm/arm-gnu-toolchain/bin/../lib/gcc/arm-none-eabi/6.3.1/../../../../arm-none-eabi/lib/thumb/v7e-m\libc_nano.a(lib_a-impure.o)
                              c:/program files (x86)/atmel/studio/7.0/toolchain/arm/arm-gnu-toolchain/bin/../lib/gcc/arm-none-eabi/6.3.1/../../../../arm-none-eabi/lib/thumb/v7e-m\libc_nano.a(lib_a-exit.o) (_global_impure_ptr)
c:/program files (x86)/atmel/studio/7.0/toolchain/arm/arm-gnu-toolchain/bin/../lib/gcc/arm-none-eabi/6.3.1/../../../../arm-none-eabi/lib/thumb/v7e-m\libc_nano.a(lib_a-init.o)
                              c:/program files (x86)/atmel/studio/7.0/toolchain/arm/arm-gnu-toolchain/bin/../lib/gcc/arm-none-eabi/6.3.1/../../../../arm-none-eabi/lib/thumb/v7e-m/crt0.o (__libc_init_array)
c:/program files (x86)/atmel/studio/7.0/toolchain/arm/arm-gnu-toolchain/bin/../lib/gcc/arm-none-eabi/6.3.1/../../../../arm-none-eabi/lib/thumb/v7e-m\libc_nano.a(lib_a-memcpy-stub.o)
                              source/drivers/chirpmicro/src/ch_driver.o (memcpy)
c:/program files (x86)/atmel/studio/7.0/toolchain/arm/arm-gnu-toolchain/bin/../lib/gcc/arm-none-eabi/6.3.1/../../../../arm-none-eabi/lib/thumb/v7e-m\libc_nano.a(lib_a-memset.o)
                              c:/program files (x86)/atmel/studio/7.0/toolchain/arm/arm-gnu-toolchain/bin/../lib/gcc/arm-none-eabi/6.3.1/../../../../arm-none-eabi/lib/thumb/v7e-m/crt0.o (memset)
c:/program files (x86)/atmel/studio/7.0/toolchain/arm/arm-gnu-toolchain/bin/../lib/gcc/arm-none-eabi/6.3.1/../../../../arm-none-eabi/lib/thumb/v7e-m\libc_nano.a(lib_a-nano-vfprintf_float.o)
                              (_printf_float)
c:/program files (x86)/atmel/studio/7.0/toolchain/arm/arm-gnu-toolchain/bin/../lib/gcc/arm-none-eabi/6.3.1/../../../../arm-none-eabi/lib/thumb/v7e-m\libc_nano.a(lib_a-nano-vfprintf_i.o)
                              c:/program files (x86)/atmel/studio/7.0/toolchain/arm/arm-gnu-toolchain/bin/../lib/gcc/arm-none-eabi/6.3.1/../../../../arm-none-eabi/lib/thumb/v7e-m\libc_nano.a(lib_a-nano-vfprintf_float.o) (_printf_common)
c:/program files (x86)/atmel/studio/7.0/toolchain/arm/arm-gnu-toolchain/bin/../lib/gcc/arm-none-eabi/6.3.1/../../../../arm-none-eabi/lib/thumb/v7e-m\libc_nano.a(lib_a-printf.o)
                              source/application/smartsonic-hellochirp-example/main.o (iprintf)
c:/program files (x86)/atmel/studio/7.0/toolchain/arm/arm-gnu-toolchain/bin/../lib/gcc/arm-none-eabi/6.3.1/../../../../arm-none-eabi/lib/thumb/v7e-m\libc_nano.a(lib_a-setbuf.o)
                              source/drivers/inv/inv_uart.o (setbuf)
c:/program files (x86)/atmel/studio/7.0/toolchain/arm/arm-gnu-toolchain/bin/../lib/gcc/arm-none-eabi/6.3.1/../../../../arm-none-eabi/lib/thumb/v7e-m\libc_nano.a(lib_a-setvbuf.o)
                              c:/program files (x86)/atmel/studio/7.0/toolchain/arm/arm-gnu-toolchain/bin/../lib/gcc/arm-none-eabi/6.3.1/../../../../arm-none-eabi/lib/thumb/v7e-m\libc_nano.a(lib_a-setbuf.o) (setvbuf)
c:/program files (x86)/atmel/studio/7.0/toolchain/arm/arm-gnu-toolchain/bin/../lib/gcc/arm-none-eabi/6.3.1/../../../../arm-none-eabi/lib/thumb/v7e-m\libc_nano.a(lib_a-strlen.o)
                              c:/program files (x86)/atmel/studio/7.0/toolchain/arm/arm-gnu-toolchain/bin/../lib/gcc/arm-none-eabi/6.3.1/../../../../arm-none-eabi/lib/thumb/v7e-m\libc_nano.a(lib_a-nano-vfprintf_float.o) (strlen)
c:/program files (x86)/atmel/studio/7.0/toolchain/arm/arm-gnu-toolchain/bin/../lib/gcc/arm-none-eabi/6.3.1/../../../../arm-none-eabi/lib/thumb/v7e-m\libc_nano.a(lib_a-dtoa.o)
                              c:/program files (x86)/atmel/studio/7.0/toolchain/arm/arm-gnu-toolchain/bin/../lib/gcc/arm-none-eabi/6.3.1/../../../../arm-none-eabi/lib/thumb/v7e-m\libc_nano.a(lib_a-nano-vfprintf_float.o) (_dtoa_r)
c:/program files (x86)/atmel/studio/7.0/toolchain/arm/arm-gnu-toolchain/bin/../lib/gcc/arm-none-eabi/6.3.1/../../../../arm-none-eabi/lib/thumb/v7e-m\libc_nano.a(lib_a-fflush.o)
                              c:/program files (x86)/atmel/studio/7.0/toolchain/arm/arm-gnu-toolchain/bin/../lib/gcc/arm-none-eabi/6.3.1/../../../../arm-none-eabi/lib/thumb/v7e-m\libc_nano.a(lib_a-setvbuf.o) (_fflush_r)
c:/program files (x86)/atmel/studio/7.0/toolchain/arm/arm-gnu-toolchain/bin/../lib/gcc/arm-none-eabi/6.3.1/../../../../arm-none-eabi/lib/thumb/v7e-m\libc_nano.a(lib_a-findfp.o)
[...]
Memory Configuration

Name             Origin             Length             Attributes
rom              0x00400000         0x00080000         xr
ram              0x20000000         0x00028000         xrw
*default*        0x00000000         0xffffffff

Linker script and memory map

LOAD c:/program files (x86)/atmel/studio/7.0/toolchain/arm/arm-gnu-toolchain/bin/../lib/gcc/arm-none-eabi/6.3.1/thumb/v7e-m/crti.o
LOAD c:/program files (x86)/atmel/studio/7.0/toolchain/arm/arm-gnu-toolchain/bin/../lib/gcc/arm-none-eabi/6.3.1/thumb/v7e-m/crtbegin.o
LOAD c:/program files (x86)/atmel/studio/7.0/toolchain/arm/arm-gnu-toolchain/bin/../lib/gcc/arm-none-eabi/6.3.1/../../../../arm-none-eabi/lib/thumb/v7e-m/crt0.o
LOAD source/application/smartsonic-hellochirp-example/main.o
LOAD source/utils/src/time.o
LOAD source/board/common/services/clock/samg/sysclk.o
LOAD source/board/common/services/delay/sam/cycle_counter.o
LOAD source/board/common/services/serial/usart_serial.o
LOAD source/board/common/services/sleepmgr/sam/sleepmgr.o
LOAD source/board/common/utils/interrupt/interrupt_sam_nvic.o
LOAD source/board/common/utils/stdio/read.o
LOAD source/board/common/utils/stdio/write.o
LOAD source/board/HAL/src/bsp_misc_samg55.o
LOAD source/board/HAL/src/chbsp_chirp_samg55.o
LOAD source/board/HAL/src/time_hal.o
LOAD source/board/sam/boards/samg55_xplained_pro/board_init.o
LOAD source/board/sam/drivers/adc/adc2.o
LOAD source/board/sam/drivers/efc/efc.o
LOAD source/board/sam/drivers/flexcom/flexcom.o
LOAD source/board/sam/drivers/pdc/pdc.o
LOAD source/board/sam/drivers/pio/pio.o
LOAD source/board/sam/drivers/pio/pio_handler.o
LOAD source/board/sam/drivers/pmc/pmc.o
LOAD source/board/sam/drivers/pmc/sleep.o
LOAD source/board/sam/drivers/rtc/rtc.o
LOAD source/board/sam/drivers/rtt/rtt.o
LOAD source/board/sam/drivers/spi/spi.o
LOAD source/board/sam/drivers/supc/supc.o
LOAD source/board/sam/drivers/tc/tc.o
LOAD source/board/sam/drivers/twi/twi.o
LOAD source/board/sam/drivers/usart/usart.o
LOAD source/board/sam/utils/cmsis/samg/samg55/source/templates/gcc/startup_samg55.o
LOAD source/board/sam/utils/cmsis/samg/samg55/source/templates/system_samg55.o
LOAD source/board/sam/utils/syscalls/gcc/syscalls.o
LOAD source/drivers/chirpmicro/src/ch101_gpr_sr_open.o
LOAD source/drivers/chirpmicro/src/ch101_gpr_sr_open_fw.o
LOAD source/drivers/chirpmicro/src/ch201_gprmt.o
LOAD source/drivers/chirpmicro/src/ch201_gprmt_fw.o
LOAD source/drivers/chirpmicro/src/ch101_gpr_open.o
LOAD source/drivers/chirpmicro/src/ch101_gpr_open_fw.o
LOAD source/drivers/chirpmicro/src/chbsp_dummy.o
LOAD source/drivers/chirpmicro/src/ch_api.o
LOAD source/drivers/chirpmicro/src/ch_common.o
LOAD source/drivers/chirpmicro/src/ch_driver.o
LOAD source/drivers/chirpmicro/src/ch_math_utils.o
LOAD source/drivers/inv/inv_i2c.o
LOAD source/drivers/inv/inv_uart.o
START GROUP
LOAD c:/program files (x86)/atmel/studio/7.0/toolchain/arm/arm-gnu-toolchain/bin/../lib/gcc/arm-none-eabi/6.3.1/../../../../arm-none-eabi/lib/thumb/v7e-m\libm.a
END GROUP
LOAD c:/program files (x86)/atmel/studio/7.0/toolchain/arm/arm-gnu-toolchain/bin/../lib/gcc/arm-none-eabi/6.3.1/../../../../arm-none-eabi/lib/thumb/v7e-m\libc_nano.a
START GROUP
LOAD c:/program files (x86)/atmel/studio/7.0/toolchain/arm/arm-gnu-toolchain/bin/../lib/gcc/arm-none-eabi/6.3.1/thumb/v7e-m\libgcc.a
LOAD c:/program files (x86)/atmel/studio/7.0/toolchain/arm/arm-gnu-toolchain/bin/../lib/gcc/arm-none-eabi/6.3.1/../../../../arm-none-eabi/lib/thumb/v7e-m\libc_nano.a
END GROUP
START GROUP
LOAD c:/program files (x86)/atmel/studio/7.0/toolchain/arm/arm-gnu-toolchain/bin/../lib/gcc/arm-none-eabi/6.3.1/thumb/v7e-m\libgcc.a
LOAD c:/program files (x86)/atmel/studio/7.0/toolchain/arm/arm-gnu-toolchain/bin/../lib/gcc/arm-none-eabi/6.3.1/../../../../arm-none-eabi/lib/thumb/v7e-m\libc_nano.a
END GROUP
LOAD c:/program files (x86)/atmel/studio/7.0/toolchain/arm/arm-gnu-toolchain/bin/../lib/gcc/arm-none-eabi/6.3.1/thumb/v7e-m/crtend.o
LOAD c:/program files (x86)/atmel/studio/7.0/toolchain/arm/arm-gnu-toolchain/bin/../lib/gcc/arm-none-eabi/6.3.1/thumb/v7e-m/crtn.o
                0x00003000                __stack_size__ = DEFINED (__stack_size__)?__stack_size__:0x3000
                0x20027ffc                __ram_end__ = ((ORIGIN (ram) + LENGTH (ram)) - 0x4)

.text           0x00400000     0xcf90
                0x00400000                . = ALIGN (0x4)
                0x00400000                _sfixed = .
 *(.vectors .vectors.*)
 .vectors       0x00400000      0x148 source/board/sam/utils/cmsis/samg/samg55/source/templates/gcc/startup_samg55.o
                0x00400000                exception_table
 *(.text .text.* .gnu.linkonce.t.*)
 .text          0x00400148       0x6c c:/program files (x86)/atmel/studio/7.0/toolchain/arm/arm-gnu-toolchain/bin/../lib/gcc/arm-none-eabi/6.3.1/thumb/v7e-m/crtbegin.o
 .text.main     0x004001b4      0x3d0 source/application/smartsonic-hellochirp-example/main.o
                0x004001b4                main
 .text.periodic_timer_callback
                0x00400584       0x24 source/application/smartsonic-hellochirp-example/main.o
                0x00400584                periodic_timer_callback
 .text.sensor_int_callback
                0x004005a8       0x94 source/application/smartsonic-hellochirp-example/main.o
 .text.io_complete_callback
                0x0040063c       0x24 source/application/smartsonic-hellochirp-example/main.o
 .text.display_config_info
                0x00400660      0x1d8 source/application/smartsonic-hellochirp-example/main.o
 .text.handle_data_ready
                0x00400838      0x160 source/application/smartsonic-hellochirp-example/main.o
 .text.time_get_in_us
                0x00400998       0x18 source/utils/src/time.o
                0x00400998                time_get_in_us
 .text.osc_enable
                0x004009b0       0x88 source/board/common/services/clock/samg/sysclk.o
 .text.osc_is_ready
                0x00400a38       0x70 source/board/common/services/clock/samg/sysclk.o
 .text.osc_get_rate
                0x00400aa8       0x74 source/board/common/services/clock/samg/sysclk.o
 .text.osc_wait_ready
                0x00400b1c       0x2c source/board/common/services/clock/samg/sysclk.o
 .text.pll_config_init
                0x00400b48       0x54 source/board/common/services/clock/samg/sysclk.o
 .text.pll_enable
                0x00400b9c       0x40 source/board/common/services/clock/samg/sysclk.o
 .text.pll_is_locked
                0x00400bdc       0x38 source/board/common/services/clock/samg/sysclk.o
 .text.pll_enable_source
                0x00400c14       0x38 source/board/common/services/clock/samg/sysclk.o
 .text.pll_wait_for_lock
                0x00400c4c       0x24 source/board/common/services/clock/samg/sysclk.o
 .text.sysclk_get_main_hz
                0x00400c70       0x1c source/board/common/services/clock/samg/sysclk.o
 .text.sysclk_get_cpu_hz
                0x00400c8c       0x14 source/board/common/services/clock/samg/sysclk.o
 .text.sysclk_init
                0x00400ca0       0xc8 source/board/common/services/clock/samg/sysclk.o
                0x00400ca0                sysclk_init
 .text.cpu_irq_enter_critical
                0x00400d68       0x58 source/board/common/utils/interrupt/interrupt_sam_nvic.o
                0x00400d68                cpu_irq_enter_critical
 .text.cpu_irq_leave_critical
                0x00400dc0       0x44 source/board/common/utils/interrupt/interrupt_sam_nvic.o
                0x00400dc0                cpu_irq_leave_critical
 .text._read    0x00400e04       0x54 source/board/common/utils/stdio/read.o
                0x00400e04                _read
 .text._write   0x00400e58       0x6c source/board/common/utils/stdio/write.o
                0x00400e58                _write
 .text.osc_get_rate
                0x00400ec4       0x74 source/board/HAL/src/bsp_misc_samg55.o
 .text.sysclk_get_main_hz
                0x00400f38       0x1c source/board/HAL/src/bsp_misc_samg55.o
 .text.sysclk_get_cpu_hz
                0x00400f54       0x14 source/board/HAL/src/bsp_misc_samg55.o
 .text.ioport_set_pin_dir
                0x00400f68       0x88 source/board/HAL/src/bsp_misc_samg55.o
 .text.ioport_set_pin_level
                0x00400ff0       0x6c source/board/HAL/src/bsp_misc_samg55.o
 .text.PIOA_Handler
                0x0040105c       0x88 source/board/HAL/src/bsp_misc_samg55.o
                0x0040105c                PIOA_Handler
 .text.ext_MotionINT_handler
                0x004010e4        0xe source/board/HAL/src/bsp_misc_samg55.o
                0x004010e4                ext_MotionINT_handler
 *fill*         0x004010f2        0x2 
 .text.ext_int_handler
                0x004010f4       0x74 source/board/HAL/src/bsp_misc_samg55.o
 .text.FLEXCOM1_Handler
                0x00401168       0x14 source/board/HAL/src/bsp_misc_samg55.o
                0x00401168                FLEXCOM1_Handler
 .text.FLEXCOM3_Handler
                0x0040117c       0x14 source/board/HAL/src/bsp_misc_samg55.o
                0x0040117c                FLEXCOM3_Handler
 .text.flexcom_handler
                0x00401190      0x174 source/board/HAL/src/bsp_misc_samg55.o
 .text.RTT_Handler
                0x00401304       0x18 source/board/HAL/src/bsp_misc_samg55.o
                0x00401304                RTT_Handler
 .text.TC0_Handler
                0x0040131c       0x10 source/board/HAL/src/bsp_misc_samg55.o
                0x0040131c                TC0_Handler
 .text.TC1_Handler
                0x0040132c       0x44 source/board/HAL/src/bsp_misc_samg55.o
                0x0040132c                TC1_Handler
 .text.sensor_led_on
                0x00401370       0x28 source/board/HAL/src/bsp_misc_samg55.o
                0x00401370                sensor_led_on
 .text.indicate_alive
                0x00401398       0xf4 source/board/HAL/src/bsp_misc_samg55.o
                0x00401398                indicate_alive
 .text.NVIC_EnableIRQ
                0x0040148c       0x34 source/board/HAL/src/chbsp_chirp_samg55.o
 .text.NVIC_DisableIRQ
                0x004014c0       0x34 source/board/HAL/src/chbsp_chirp_samg55.o
 .text.NVIC_ClearPendingIRQ
                0x004014f4       0x34 source/board/HAL/src/chbsp_chirp_samg55.o
 .text.NVIC_SetPriority
                0x00401528       0x54 source/board/HAL/src/chbsp_chirp_samg55.o
 .text.osc_get_rate
                0x0040157c       0x74 source/board/HAL/src/chbsp_chirp_samg55.o
 .text.sysclk_get_main_hz
                0x004015f0       0x1c source/board/HAL/src/chbsp_chirp_samg55.o
 .text.sysclk_get_cpu_hz
                0x0040160c       0x14 source/board/HAL/src/chbsp_chirp_samg55.o
 .text.sysclk_enable_peripheral_clock
                0x00401620       0x1c source/board/HAL/src/chbsp_chirp_samg55.o
 .text.ioport_set_port_dir
                0x0040163c       0x5a source/board/HAL/src/chbsp_chirp_samg55.o
 .text.ioport_set_pin_dir
                0x00401696       0x88 source/board/HAL/src/chbsp_chirp_samg55.o
 .text.ioport_set_pin_level
                0x0040171e       0x6c source/board/HAL/src/chbsp_chirp_samg55.o
 .text.ioport_set_port_level
                0x0040178a       0x4c source/board/HAL/src/chbsp_chirp_samg55.o
 .text.ioport_pin_to_mask
                0x004017d6       0x26 source/board/HAL/src/chbsp_chirp_samg55.o
 .text.adc_ch_sanity_check
                0x004017fc       0x18 source/board/HAL/src/chbsp_chirp_samg55.o
 .text.adc_select_clock_source_mck
                0x00401814       0x28 source/board/HAL/src/chbsp_chirp_samg55.o
 .text.adc_set_trigger
                0x0040183c       0x44 source/board/HAL/src/chbsp_chirp_samg55.o
 .text.adc_set_writeprotect
                0x00401880       0x38 source/board/HAL/src/chbsp_chirp_samg55.o
 .text.adc_channel_enable
                0x004018b8       0x4c source/board/HAL/src/chbsp_chirp_samg55.o
 .text.adc_channel_get_value
                0x00401904       0x2c source/board/HAL/src/chbsp_chirp_samg55.o
 .text.find_sensors
                0x00401930      0x1b4 source/board/HAL/src/chbsp_chirp_samg55.o
 .text.ADC0_init
                0x00401ae4       0x88 source/board/HAL/src/chbsp_chirp_samg55.o
 *fill*         0x00401b6c        0x4 
 .text.Measure_Idd
                0x00401b70      0x238 source/board/HAL/src/chbsp_chirp_samg55.o
 .text.Measure_power
                0x00401da8       0x2c source/board/HAL/src/chbsp_chirp_samg55.o
 .text.ext_int_init
                0x00401dd4      0x134 source/board/HAL/src/chbsp_chirp_samg55.o
 .text.chbsp_board_init
                0x00401f08       0x6c source/board/HAL/src/chbsp_chirp_samg55.o
                0x00401f08                chbsp_board_init
 .text.chbsp_reset_assert
                0x00401f74       0x14 source/board/HAL/src/chbsp_chirp_samg55.o
                0x00401f74                chbsp_reset_assert
 .text.chbsp_reset_release
                0x00401f88       0x14 source/board/HAL/src/chbsp_chirp_samg55.o
                0x00401f88                chbsp_reset_release
 .text.chbsp_program_enable
                0x00401f9c       0x38 source/board/HAL/src/chbsp_chirp_samg55.o
                0x00401f9c                chbsp_program_enable
 .text.chbsp_program_disable
                0x00401fd4       0x38 source/board/HAL/src/chbsp_chirp_samg55.o
                0x00401fd4                chbsp_program_disable
 .text.chbsp_set_io_dir_in
                0x0040200c       0x38 source/board/HAL/src/chbsp_chirp_samg55.o
                0x0040200c                chbsp_set_io_dir_in
 .text.chbsp_group_set_io_dir_out
                0x00402044       0x80 source/board/HAL/src/chbsp_chirp_samg55.o
                0x00402044                chbsp_group_set_io_dir_out
 .text.chbsp_group_set_io_dir_in
                0x004020c4       0x80 source/board/HAL/src/chbsp_chirp_samg55.o
                0x004020c4                chbsp_group_set_io_dir_in
 .text.chbsp_group_pin_init
                0x00402144      0x12c source/board/HAL/src/chbsp_chirp_samg55.o
                0x00402144                chbsp_group_pin_init
 .text.chbsp_group_io_clear
                0x00402270       0x80 source/board/HAL/src/chbsp_chirp_samg55.o
                0x00402270                chbsp_group_io_clear
 .text.chbsp_group_io_set
                0x004022f0       0x80 source/board/HAL/src/chbsp_chirp_samg55.o
                0x004022f0                chbsp_group_io_set
 .text.chbsp_group_io_interrupt_enable
                0x00402370       0x4c source/board/HAL/src/chbsp_chirp_samg55.o
                0x00402370                chbsp_group_io_interrupt_enable
 .text.chbsp_io_interrupt_enable
                0x004023bc       0x60 source/board/HAL/src/chbsp_chirp_samg55.o
                0x004023bc                chbsp_io_interrupt_enable
 .text.chbsp_group_io_interrupt_disable
                0x0040241c       0x4c source/board/HAL/src/chbsp_chirp_samg55.o
                0x0040241c                chbsp_group_io_interrupt_disable
 .text.chbsp_io_interrupt_disable
                0x00402468       0x3c source/board/HAL/src/chbsp_chirp_samg55.o
                0x00402468                chbsp_io_interrupt_disable
 .text.chbsp_io_set
                0x004024a4       0x30 source/board/HAL/src/chbsp_chirp_samg55.o
                0x004024a4                chbsp_io_set
 *fill*         0x004024d4        0x4 
 .text.chbsp_delay_us
                0x004024d8       0xa8 source/board/HAL/src/chbsp_chirp_samg55.o
                0x004024d8                chbsp_delay_us
 .text.chbsp_delay_ms
                0x00402580       0xb8 source/board/HAL/src/chbsp_chirp_samg55.o
                0x00402580                chbsp_delay_ms
 .text.chbsp_i2c_init
                0x00402638       0x14 source/board/HAL/src/chbsp_chirp_samg55.o
                0x00402638                chbsp_i2c_init
 .text.chbsp_i2c_get_info
                0x0040264c       0x4c source/board/HAL/src/chbsp_chirp_samg55.o
                0x0040264c                chbsp_i2c_get_info
 .text.chbsp_i2c_write
                0x00402698       0x60 source/board/HAL/src/chbsp_chirp_samg55.o
                0x00402698                chbsp_i2c_write
 .text.chbsp_i2c_mem_write
                0x004026f8       0x68 source/board/HAL/src/chbsp_chirp_samg55.o
                0x004026f8                chbsp_i2c_mem_write
 .text.chbsp_i2c_mem_write_nb
                0x00402760       0x22 source/board/HAL/src/chbsp_chirp_samg55.o
                0x00402760                chbsp_i2c_mem_write_nb
 *fill*         0x00402782        0x2 
 .text.chbsp_i2c_read
                0x00402784       0x70 source/board/HAL/src/chbsp_chirp_samg55.o
                0x00402784                chbsp_i2c_read
 .text.chbsp_i2c_mem_read
                0x004027f4       0x78 source/board/HAL/src/chbsp_chirp_samg55.o
                0x004027f4                chbsp_i2c_mem_read
 .text.chbsp_i2c_read_nb
                0x0040286c      0x138 source/board/HAL/src/chbsp_chirp_samg55.o
                0x0040286c                chbsp_i2c_read_nb
 .text.chbsp_i2c_mem_read_nb
                0x004029a4      0x15c source/board/HAL/src/chbsp_chirp_samg55.o
                0x004029a4                chbsp_i2c_mem_read_nb
 .text.chbsp_i2c_reset
                0x00402b00       0x3c source/board/HAL/src/chbsp_chirp_samg55.o
                0x00402b00                chbsp_i2c_reset
 .text.chbsp_periodic_timer_init
                0x00402b3c      0x11c source/board/HAL/src/chbsp_chirp_samg55.o
                0x00402b3c                chbsp_periodic_timer_init
 .text.get_period_in_tick
                0x00402c58       0xe8 source/board/HAL/src/chbsp_chirp_samg55.o
 .text.program_next_period
                0x00402d40       0x44 source/board/HAL/src/chbsp_chirp_samg55.o
 .text.chbsp_periodic_timer_irq_enable
                0x00402d84       0x28 source/board/HAL/src/chbsp_chirp_samg55.o
                0x00402d84                chbsp_periodic_timer_irq_enable
 .text.chbsp_periodic_timer_start
                0x00402dac       0x38 source/board/HAL/src/chbsp_chirp_samg55.o
                0x00402dac                chbsp_periodic_timer_start
 .text.chbsp_periodic_timer_handler
                0x00402de4       0x50 source/board/HAL/src/chbsp_chirp_samg55.o
                0x00402de4                chbsp_periodic_timer_handler
 .text.chbsp_proc_sleep
                0x00402e34       0x14 source/board/HAL/src/chbsp_chirp_samg55.o
                0x00402e34                chbsp_proc_sleep
 .text.chbsp_led_on
                0x00402e48       0x28 source/board/HAL/src/chbsp_chirp_samg55.o
                0x00402e48                chbsp_led_on
 .text.chbsp_timestamp_ms
                0x00402e70       0x2c source/board/HAL/src/chbsp_chirp_samg55.o
                0x00402e70                chbsp_timestamp_ms
 .text.time_hal_get_in_us
                0x00402e9c       0xf0 source/board/HAL/src/time_hal.o
                0x00402e9c                time_hal_get_in_us
 .text.sysclk_enable_peripheral_clock
                0x00402f8c       0x1c source/board/sam/boards/samg55_xplained_pro/board_init.o
 .text.ioport_init
                0x00402fa8       0x18 source/board/sam/boards/samg55_xplained_pro/board_init.o
 .text.ioport_disable_pin
                0x00402fc0       0x4a source/board/sam/boards/samg55_xplained_pro/board_init.o
 .text.ioport_set_pin_mode
                0x0040300a      0x11c source/board/sam/boards/samg55_xplained_pro/board_init.o
 .text.ioport_set_pin_dir
                0x00403126       0x88 source/board/sam/boards/samg55_xplained_pro/board_init.o
 .text.ioport_set_pin_level
                0x004031ae       0x6c source/board/sam/boards/samg55_xplained_pro/board_init.o
 *fill*         0x0040321a        0x2 
 .text.system_board_init_I2C
                0x0040321c      0x124 source/board/sam/boards/samg55_xplained_pro/board_init.o
                0x0040321c                system_board_init_I2C
                0x0040321c                board_init_I2C
 .text.cpu_irq_save
                0x00403340       0x38 source/board/sam/drivers/adc/adc2.o
 .text.cpu_irq_is_enabled_flags
                0x00403378       0x20 source/board/sam/drivers/adc/adc2.o
 .text.cpu_irq_restore
                0x00403398       0x30 source/board/sam/drivers/adc/adc2.o
 .text.adc_get_interrupt_status
                0x004033c8       0x18 source/board/sam/drivers/adc/adc2.o
 .text.sleepmgr_lock_mode
                0x004033e0       0x44 source/board/sam/drivers/adc/adc2.o
 .text.osc_get_rate
                0x00403424       0x74 source/board/sam/drivers/adc/adc2.o
 .text.sysclk_get_main_hz
                0x00403498       0x1c source/board/sam/drivers/adc/adc2.o
 .text.sysclk_get_cpu_hz
                0x004034b4       0x14 source/board/sam/drivers/adc/adc2.o
 .text.adc_get_config_defaults
                0x004034c8       0x54 source/board/sam/drivers/adc/adc2.o
                0x004034c8                adc_get_config_defaults
 .text.adc_set_config
                0x0040351c       0x98 source/board/sam/drivers/adc/adc2.o
 .text.adc_init
                0x004035b4       0x60 source/board/sam/drivers/adc/adc2.o
                0x004035b4                adc_init
 .text.adc_set_resolution
                0x00403614       0x22 source/board/sam/drivers/adc/adc2.o
                0x00403614                adc_set_resolution
 *fill*         0x00403636        0x2 
 .text.adc_interrupt
                0x00403638       0x2c source/board/sam/drivers/adc/adc2.o
 .text.adc_process_callback
                0x00403664       0x50 source/board/sam/drivers/adc/adc2.o
 .text.ADC_Handler
                0x004036b4       0x18 source/board/sam/drivers/adc/adc2.o
                0x004036b4                ADC_Handler
 .text.adc_enable
                0x004036cc       0x1c source/board/sam/drivers/adc/adc2.o
                0x004036cc                adc_enable
 .text.cpu_irq_save
                0x004036e8       0x38 source/board/sam/drivers/flexcom/flexcom.o
 .text.cpu_irq_is_enabled_flags
                0x00403720       0x20 source/board/sam/drivers/flexcom/flexcom.o
 .text.cpu_irq_restore
                0x00403740       0x30 source/board/sam/drivers/flexcom/flexcom.o
 .text.sysclk_enable_peripheral_clock
                0x00403770       0x1c source/board/sam/drivers/flexcom/flexcom.o
 .text.sleepmgr_lock_mode
                0x0040378c       0x44 source/board/sam/drivers/flexcom/flexcom.o
 .text.flexcom_enable
                0x004037d0      0x168 source/board/sam/drivers/flexcom/flexcom.o
                0x004037d0                flexcom_enable
 .text.flexcom_set_opmode
                0x00403938       0x1e source/board/sam/drivers/flexcom/flexcom.o
                0x00403938                flexcom_set_opmode
 .text.pdc_rx_init
                0x00403956       0x44 source/board/sam/drivers/pdc/pdc.o
                0x00403956                pdc_rx_init
 .text.pdc_enable_transfer
                0x0040399a       0x22 source/board/sam/drivers/pdc/pdc.o
                0x0040399a                pdc_enable_transfer
 .text.pdc_disable_transfer
                0x004039bc       0x22 source/board/sam/drivers/pdc/pdc.o
                0x004039bc                pdc_disable_transfer
 .text.pio_pull_up
                0x004039de       0x2c source/board/sam/drivers/pio/pio.o
                0x004039de                pio_pull_up
 .text.pio_set_peripheral
                0x00403a0a       0xb0 source/board/sam/drivers/pio/pio.o
                0x00403a0a                pio_set_peripheral
 *fill*         0x00403aba        0x2 
 .text.pio_set_input
                0x00403abc       0x6c source/board/sam/drivers/pio/pio.o
                0x00403abc                pio_set_input
 .text.pio_set_output
                0x00403b28       0x64 source/board/sam/drivers/pio/pio.o
                0x00403b28                pio_set_output
 .text.pio_configure
                0x00403b8c       0xc0 source/board/sam/drivers/pio/pio.o
                0x00403b8c                pio_configure
 .text.pio_pull_down
                0x00403c4c       0x30 source/board/sam/drivers/pio/pio.o
                0x00403c4c                pio_pull_down
 .text.pio_configure_interrupt
                0x00403c7c       0x6c source/board/sam/drivers/pio/pio.o
                0x00403c7c                pio_configure_interrupt
 .text.pio_enable_interrupt
                0x00403ce8       0x1c source/board/sam/drivers/pio/pio.o
                0x00403ce8                pio_enable_interrupt
 .text.pio_disable_interrupt
                0x00403d04       0x1c source/board/sam/drivers/pio/pio.o
                0x00403d04                pio_disable_interrupt
 .text.pio_get_interrupt_status
                0x00403d20       0x18 source/board/sam/drivers/pio/pio.o
                0x00403d20                pio_get_interrupt_status
 .text.pio_get_interrupt_mask
                0x00403d38       0x18 source/board/sam/drivers/pio/pio.o
                0x00403d38                pio_get_interrupt_mask
 .text.NVIC_EnableIRQ
                0x00403d50       0x34 source/board/sam/drivers/pio/pio_handler.o
 .text.NVIC_DisableIRQ
                0x00403d84       0x34 source/board/sam/drivers/pio/pio_handler.o
 .text.NVIC_ClearPendingIRQ
                0x00403db8       0x34 source/board/sam/drivers/pio/pio_handler.o
 .text.NVIC_SetPriority
                0x00403dec       0x54 source/board/sam/drivers/pio/pio_handler.o
 .text.pio_handler_process
                0x00403e40       0xb4 source/board/sam/drivers/pio/pio_handler.o
                0x00403e40                pio_handler_process
 .text.pio_handler_set
                0x00403ef4       0xa4 source/board/sam/drivers/pio/pio_handler.o
                0x00403ef4                pio_handler_set
 .text.PIOB_Handler
                0x00403f98       0x18 source/board/sam/drivers/pio/pio_handler.o
                0x00403f98                PIOB_Handler
 .text.pio_handler_set_priority
                0x00403fb0       0x84 source/board/sam/drivers/pio/pio_handler.o
                0x00403fb0                pio_handler_set_priority
 .text.pio_handler_clear_pending_IRQ
                0x00404034       0x74 source/board/sam/drivers/pio/pio_handler.o
                0x00404034                pio_handler_clear_pending_IRQ
 .text.pmc_switch_mck_to_pllack
                0x004040a8       0x84 source/board/sam/drivers/pmc/pmc.o
                0x004040a8                pmc_switch_mck_to_pllack
 .text.pmc_switch_sclk_to_32kxtal
                0x0040412c       0x38 source/board/sam/drivers/pmc/pmc.o
                0x0040412c                pmc_switch_sclk_to_32kxtal
 .text.pmc_osc_is_ready_32kxtal
                0x00404164       0x34 source/board/sam/drivers/pmc/pmc.o
                0x00404164                pmc_osc_is_ready_32kxtal
 .text.pmc_switch_mainck_to_fastrc
                0x00404198       0x70 source/board/sam/drivers/pmc/pmc.o
                0x00404198                pmc_switch_mainck_to_fastrc
 .text.pmc_switch_mainck_to_xtal
                0x00404208       0x78 source/board/sam/drivers/pmc/pmc.o
                0x00404208                pmc_switch_mainck_to_xtal
 .text.pmc_osc_is_ready_mainck
                0x00404280       0x1c source/board/sam/drivers/pmc/pmc.o
                0x00404280                pmc_osc_is_ready_mainck
 .text.pmc_disable_pllack
                0x0040429c       0x18 source/board/sam/drivers/pmc/pmc.o
                0x0040429c                pmc_disable_pllack
 .text.pmc_is_locked_pllack
                0x004042b4       0x1c source/board/sam/drivers/pmc/pmc.o
                0x004042b4                pmc_is_locked_pllack
 .text.pmc_disable_pllbck
                0x004042d0       0x18 source/board/sam/drivers/pmc/pmc.o
                0x004042d0                pmc_disable_pllbck
 .text.pmc_is_locked_pllbck
                0x004042e8       0x1c source/board/sam/drivers/pmc/pmc.o
                0x004042e8                pmc_is_locked_pllbck
 .text.pmc_enable_periph_clk
                0x00404304       0x84 source/board/sam/drivers/pmc/pmc.o
                0x00404304                pmc_enable_periph_clk
 .text.pmc_switch_pck_to_pllack
                0x00404388       0x58 source/board/sam/drivers/pmc/pmc.o
                0x00404388                pmc_switch_pck_to_pllack
 .text.pmc_switch_pck_to_mck
                0x004043e0       0x58 source/board/sam/drivers/pmc/pmc.o
                0x004043e0                pmc_switch_pck_to_mck
 .text.pmc_enable_pck
                0x00404438       0x28 source/board/sam/drivers/pmc/pmc.o
                0x00404438                pmc_enable_pck
 .text.pmc_disable_pck
                0x00404460       0x28 source/board/sam/drivers/pmc/pmc.o
                0x00404460                pmc_disable_pck
 .text.pmc_set_flash_in_wait_mode
                0x00404488       0x20 source/board/sam/drivers/pmc/pmc.o
                0x00404488                pmc_set_flash_in_wait_mode
 .text.pmc_enable_waitmode
                0x004044a8       0x7c source/board/sam/drivers/pmc/pmc.o
                0x004044a8                pmc_enable_waitmode
 .text.pmc_sleep
                0x00404524      0x39c source/board/sam/drivers/pmc/sleep.o
                0x00404524                pmc_sleep
 .text.rtt_get_status
                0x004048c0       0x18 source/board/sam/drivers/rtt/rtt.o
                0x004048c0                rtt_get_status
 .text.supc_set_regulator_trim_user
                0x004048d8       0x38 source/board/sam/drivers/supc/supc.o
                0x004048d8                supc_set_regulator_trim_user
 .text.tc_init  0x00404910       0x3a source/board/sam/drivers/tc/tc.o
                0x00404910                tc_init
 .text.tc_start
                0x0040494a       0x22 source/board/sam/drivers/tc/tc.o
                0x0040494a                tc_start
 .text.tc_write_rc
                0x0040496c       0x26 source/board/sam/drivers/tc/tc.o
                0x0040496c                tc_write_rc
 .text.tc_enable_interrupt
                0x00404992       0x28 source/board/sam/drivers/tc/tc.o
                0x00404992                tc_enable_interrupt
 .text.tc_get_interrupt_mask
                0x004049ba       0x24 source/board/sam/drivers/tc/tc.o
                0x004049ba                tc_get_interrupt_mask
 .text.tc_get_status
                0x004049de       0x24 source/board/sam/drivers/tc/tc.o
                0x004049de                tc_get_status
 .text.twi_enable_master_mode
                0x00404a02       0x26 source/board/sam/drivers/twi/twi.o
                0x00404a02                twi_enable_master_mode
 .text.twi_master_init
                0x00404a28       0x64 source/board/sam/drivers/twi/twi.o
                0x00404a28                twi_master_init
 .text.twi_set_speed
                0x00404a8c       0xf4 source/board/sam/drivers/twi/twi.o
                0x00404a8c                twi_set_speed
 .text.twi_mk_addr
                0x00404b80       0x5c source/board/sam/drivers/twi/twi.o
                0x00404b80                twi_mk_addr
 .text.twi_master_read
                0x00404bdc      0x10c source/board/sam/drivers/twi/twi.o
                0x00404bdc                twi_master_read
 .text.twi_master_write
                0x00404ce8       0xdc source/board/sam/drivers/twi/twi.o
                0x00404ce8                twi_master_write
 .text.twi_enable_interrupt
                0x00404dc4       0x1c source/board/sam/drivers/twi/twi.o
                0x00404dc4                twi_enable_interrupt
 .text.twi_disable_interrupt
                0x00404de0       0x20 source/board/sam/drivers/twi/twi.o
                0x00404de0                twi_disable_interrupt
 .text.twi_get_interrupt_status
                0x00404e00       0x18 source/board/sam/drivers/twi/twi.o
                0x00404e00                twi_get_interrupt_status
 .text.twi_get_interrupt_mask
                0x00404e18       0x18 source/board/sam/drivers/twi/twi.o
                0x00404e18                twi_get_interrupt_mask
 .text.twi_reset
                0x00404e30       0x1e source/board/sam/drivers/twi/twi.o
                0x00404e30                twi_reset
 *fill*         0x00404e4e        0x2 
 .text.twi_get_pdc_base
                0x00404e50       0x5c source/board/sam/drivers/twi/twi.o
                0x00404e50                twi_get_pdc_base
 .text.usart_set_async_baudrate
                0x00404eac       0x8a source/board/sam/drivers/usart/usart.o
                0x00404eac                usart_set_async_baudrate
 *fill*         0x00404f36        0x2 
 .text.usart_reset
                0x00404f38       0x54 source/board/sam/drivers/usart/usart.o
                0x00404f38                usart_reset
 .text.usart_init_rs232
                0x00404f8c       0x84 source/board/sam/drivers/usart/usart.o
                0x00404f8c                usart_init_rs232
 .text.usart_enable_tx
                0x00405010       0x1a source/board/sam/drivers/usart/usart.o
                0x00405010                usart_enable_tx
 .text.usart_reset_tx
                0x0040502a       0x1a source/board/sam/drivers/usart/usart.o
                0x0040502a                usart_reset_tx
 .text.usart_enable_rx
                0x00405044       0x1a source/board/sam/drivers/usart/usart.o
                0x00405044                usart_enable_rx
 .text.usart_reset_rx
                0x0040505e       0x1a source/board/sam/drivers/usart/usart.o
                0x0040505e                usart_reset_rx
 .text.usart_reset_status
                0x00405078       0x1c source/board/sam/drivers/usart/usart.o
                0x00405078                usart_reset_status
 .text.usart_drive_RTS_pin_high
                0x00405094       0x1c source/board/sam/drivers/usart/usart.o
                0x00405094                usart_drive_RTS_pin_high
 .text.usart_write
                0x004050b0       0x32 source/board/sam/drivers/usart/usart.o
                0x004050b0                usart_write
 .text.usart_read
                0x004050e2       0x34 source/board/sam/drivers/usart/usart.o
                0x004050e2                usart_read
 *fill*         0x00405116        0x2 
 .text.usart_disable_writeprotect
                0x00405118       0x20 source/board/sam/drivers/usart/usart.o
                0x00405118                usart_disable_writeprotect
 .text.cpu_irq_save
                0x00405138       0x38 source/board/sam/utils/cmsis/samg/samg55/source/templates/gcc/startup_samg55.o
 .text.cpu_irq_is_enabled_flags
                0x00405170       0x20 source/board/sam/utils/cmsis/samg/samg55/source/templates/gcc/startup_samg55.o
 .text.cpu_irq_restore
                0x00405190       0x30 source/board/sam/utils/cmsis/samg/samg55/source/templates/gcc/startup_samg55.o
 .text.Reset_Handler
                0x004051c0       0xd0 source/board/sam/utils/cmsis/samg/samg55/source/templates/gcc/startup_samg55.o
                0x004051c0                Reset_Handler
 .text.Dummy_Handler
                0x00405290        0x6 source/board/sam/utils/cmsis/samg/samg55/source/templates/gcc/startup_samg55.o
                0x00405290                DebugMon_Handler
                0x00405290                HardFault_Handler
                0x00405290                TC2_Handler
                0x00405290                FLEXCOM4_Handler
                0x00405290                SysTick_Handler
                0x00405290                PendSV_Handler
                0x00405290                NMI_Handler
                0x00405290                CRCCU_Handler
                0x00405290                FLEXCOM6_Handler
                0x00405290                RTC_Handler
                0x00405290                UsageFault_Handler
                0x00405290                FLEXCOM0_Handler
                0x00405290                PDMIC1_Handler
                0x00405290                WDT_Handler
                0x00405290                TC4_Handler
                0x00405290                TC3_Handler
                0x00405290                ARM_Handler
                0x00405290                Dummy_Handler
                0x00405290                MEM2MEM_Handler
                0x00405290                PMC_Handler
                0x00405290                PDMIC0_Handler
                0x00405290                MemManage_Handler
                0x00405290                SUPC_Handler
                0x00405290                SVC_Handler
                0x00405290                UHP_Handler
                0x00405290                EFC_Handler
                0x00405290                FLEXCOM7_Handler
                0x00405290                I2SC0_Handler
                0x00405290                I2SC1_Handler
                0x00405290                FLEXCOM2_Handler
                0x00405290                UDP_Handler
                0x00405290                BusFault_Handler
                0x00405290                RSTC_Handler
                0x00405290                FLEXCOM5_Handler
                0x00405290                TC5_Handler
 *fill*         0x00405296        0x2 
 .text.SystemCoreClockUpdate
                0x00405298      0x124 source/board/sam/utils/cmsis/samg/samg55/source/templates/system_samg55.o
                0x00405298                SystemCoreClockUpdate
 .text.system_init_flash
                0x004053bc       0x98 source/board/sam/utils/cmsis/samg/samg55/source/templates/system_samg55.o
                0x004053bc                system_init_flash
 .text._sbrk    0x00405454       0x58 source/board/sam/utils/syscalls/gcc/syscalls.o
                0x00405454                _sbrk
 .text._close   0x004054ac       0x18 source/board/sam/utils/syscalls/gcc/syscalls.o
                0x004054ac                _close
 .text._fstat   0x004054c4       0x20 source/board/sam/utils/syscalls/gcc/syscalls.o
                0x004054c4                _fstat
 .text._isatty  0x004054e4       0x16 source/board/sam/utils/syscalls/gcc/syscalls.o
                0x004054e4                _isatty
 .text._lseek   0x004054fa       0x1a source/board/sam/utils/syscalls/gcc/syscalls.o
                0x004054fa                _lseek
 .text.ch201_gprmt_init
                0x00405514      0x1a0 source/drivers/chirpmicro/src/ch201_gprmt.o
                0x00405514                ch201_gprmt_init
 .text.get_ch201_gprmt_fw_ram_init_addr
                0x004056b4       0x12 source/drivers/chirpmicro/src/ch201_gprmt_fw.o
                0x004056b4                get_ch201_gprmt_fw_ram_init_addr
 .text.get_ch201_gprmt_fw_ram_init_size
                0x004056c6       0x10 source/drivers/chirpmicro/src/ch201_gprmt_fw.o
                0x004056c6                get_ch201_gprmt_fw_ram_init_size
 *fill*         0x004056d6        0x2 
 .text.get_ram_ch201_gprmt_init_ptr
                0x004056d8       0x14 source/drivers/chirpmicro/src/ch201_gprmt_fw.o
                0x004056d8                get_ram_ch201_gprmt_init_ptr
 .text.chbsp_debug_toggle
                0x004056ec       0x16 source/drivers/chirpmicro/src/chbsp_dummy.o
                0x004056ec                chbsp_debug_toggle
 .text.chbsp_external_i2c_irq_handler
                0x00405702       0x14 source/drivers/chirpmicro/src/chbsp_dummy.o
                0x00405702                chbsp_external_i2c_irq_handler
 *fill*         0x00405716        0x2 
 .text.ch_init  0x00405718       0x5c source/drivers/chirpmicro/src/ch_api.o
                0x00405718                ch_init
 .text.ch_get_config
                0x00405774       0x42 source/drivers/chirpmicro/src/ch_api.o
                0x00405774                ch_get_config
 *fill*         0x004057b6        0x2 
 .text.ch_set_config
                0x004057b8       0xf8 source/drivers/chirpmicro/src/ch_api.o
                0x004057b8                ch_set_config
 .text.ch_group_start
                0x004058b0       0x20 source/drivers/chirpmicro/src/ch_api.o
                0x004058b0                ch_group_start
 .text.ch_group_trigger
                0x004058d0       0x1c source/drivers/chirpmicro/src/ch_api.o
                0x004058d0                ch_group_trigger
 .text.ch_sensor_is_connected
                0x004058ec       0x18 source/drivers/chirpmicro/src/ch_api.o
                0x004058ec                ch_sensor_is_connected
 .text.ch_get_part_number
                0x00405904       0x18 source/drivers/chirpmicro/src/ch_api.o
                0x00405904                ch_get_part_number
 .text.ch_get_dev_num
                0x0040591c       0x1a source/drivers/chirpmicro/src/ch_api.o
                0x0040591c                ch_get_dev_num
 .text.ch_get_dev_ptr
                0x00405936       0x22 source/drivers/chirpmicro/src/ch_api.o
                0x00405936                ch_get_dev_ptr
 .text.ch_get_i2c_address
                0x00405958       0x18 source/drivers/chirpmicro/src/ch_api.o
                0x00405958                ch_get_i2c_address
 .text.ch_get_i2c_bus
                0x00405970       0x1a source/drivers/chirpmicro/src/ch_api.o
                0x00405970                ch_get_i2c_bus
 .text.ch_get_num_ports
                0x0040598a       0x18 source/drivers/chirpmicro/src/ch_api.o
                0x0040598a                ch_get_num_ports
 .text.ch_get_fw_version_string
                0x004059a2       0x18 source/drivers/chirpmicro/src/ch_api.o
                0x004059a2                ch_get_fw_version_string
 .text.ch_get_mode
                0x004059ba       0x18 source/drivers/chirpmicro/src/ch_api.o
                0x004059ba                ch_get_mode
 .text.ch_set_mode
                0x004059d2       0x42 source/drivers/chirpmicro/src/ch_api.o
                0x004059d2                ch_set_mode
 .text.ch_set_sample_interval
                0x00405a14       0x36 source/drivers/chirpmicro/src/ch_api.o
                0x00405a14                ch_set_sample_interval
 .text.ch_get_num_samples
                0x00405a4a       0x18 source/drivers/chirpmicro/src/ch_api.o
                0x00405a4a                ch_get_num_samples
 *fill*         0x00405a62        0x2 
 .text.ch_set_num_samples
                0x00405a64       0x4c source/drivers/chirpmicro/src/ch_api.o
                0x00405a64                ch_set_num_samples
 .text.ch_set_max_range
                0x00405ab0       0x34 source/drivers/chirpmicro/src/ch_api.o
                0x00405ab0                ch_set_max_range
 .text.ch_set_static_range
                0x00405ae4       0x36 source/drivers/chirpmicro/src/ch_api.o
                0x00405ae4                ch_set_static_range
 .text.ch_get_range
                0x00405b1a       0x32 source/drivers/chirpmicro/src/ch_api.o
                0x00405b1a                ch_get_range
 .text.ch_get_amplitude
                0x00405b4c       0x2e source/drivers/chirpmicro/src/ch_api.o
                0x00405b4c                ch_get_amplitude
 .text.ch_get_frequency
                0x00405b7a       0x18 source/drivers/chirpmicro/src/ch_api.o
                0x00405b7a                ch_get_frequency
 .text.ch_get_rtc_cal_pulselength
                0x00405b92       0x1a source/drivers/chirpmicro/src/ch_api.o
                0x00405b92                ch_get_rtc_cal_pulselength
 .text.ch_get_rtc_cal_result
                0x00405bac       0x18 source/drivers/chirpmicro/src/ch_api.o
                0x00405bac                ch_get_rtc_cal_result
 .text.ch_get_iq_data
                0x00405bc4       0x4c source/drivers/chirpmicro/src/ch_api.o
                0x00405bc4                ch_get_iq_data
 .text.ch_samples_to_mm
                0x00405c10       0x38 source/drivers/chirpmicro/src/ch_api.o
                0x00405c10                ch_samples_to_mm
 .text.ch_iq_to_amplitude
                0x00405c48       0x50 source/drivers/chirpmicro/src/ch_api.o
                0x00405c48                ch_iq_to_amplitude
 .text.ch_set_thresholds
                0x00405c98       0x3a source/drivers/chirpmicro/src/ch_api.o
                0x00405c98                ch_set_thresholds
 .text.ch_get_thresholds
                0x00405cd2       0x3a source/drivers/chirpmicro/src/ch_api.o
                0x00405cd2                ch_get_thresholds
 .text.ch_set_time_plan
                0x00405d0c       0x36 source/drivers/chirpmicro/src/ch_api.o
                0x00405d0c                ch_set_time_plan
 .text.ch_io_int_callback_set
                0x00405d42       0x1c source/drivers/chirpmicro/src/ch_api.o
                0x00405d42                ch_io_int_callback_set
 .text.ch_io_complete_callback_set
                0x00405d5e       0x1c source/drivers/chirpmicro/src/ch_api.o
                0x00405d5e                ch_io_complete_callback_set
 *fill*         0x00405d7a        0x2 
 .text.ch_io_notify
                0x00405d7c       0x24 source/drivers/chirpmicro/src/ch_api.o
                0x00405d7c                ch_io_notify
 .text.ch_set_target_interrupt
                0x00405da0       0x38 source/drivers/chirpmicro/src/ch_api.o
                0x00405da0                ch_set_target_interrupt
 .text.ch_set_rx_pretrigger
                0x00405dd8       0x34 source/drivers/chirpmicro/src/ch_api.o
                0x00405dd8                ch_set_rx_pretrigger
 .text.ch_common_set_mode
                0x00405e0c      0x144 source/drivers/chirpmicro/src/ch_common.o
                0x00405e0c                ch_common_set_mode
 .text.ch_common_fw_load
                0x00405f50       0x50 source/drivers/chirpmicro/src/ch_common.o
                0x00405f50                ch_common_fw_load
 .text.ch_common_set_sample_interval
                0x00405fa0       0xb8 source/drivers/chirpmicro/src/ch_common.o
                0x00405fa0                ch_common_set_sample_interval
 .text.ch_common_set_num_samples
                0x00406058       0x80 source/drivers/chirpmicro/src/ch_common.o
                0x00406058                ch_common_set_num_samples
 .text.ch_common_set_max_range
                0x004060d8       0x8c source/drivers/chirpmicro/src/ch_common.o
                0x004060d8                ch_common_set_max_range
 .text.ch_common_mm_to_samples
                0x00406164       0xec source/drivers/chirpmicro/src/ch_common.o
                0x00406164                ch_common_mm_to_samples
 .text.ch_common_samples_to_mm
                0x00406250       0x50 source/drivers/chirpmicro/src/ch_common.o
                0x00406250                ch_common_samples_to_mm
 .text.ch_common_get_range
                0x004062a0      0x118 source/drivers/chirpmicro/src/ch_common.o
                0x004062a0                ch_common_get_range
 .text.ch_common_get_amplitude
                0x004063b8       0x44 source/drivers/chirpmicro/src/ch_common.o
                0x004063b8                ch_common_get_amplitude
 .text.ch_common_get_locked_state
                0x004063fc       0x60 source/drivers/chirpmicro/src/ch_common.o
                0x004063fc                ch_common_get_locked_state
 .text.ch_common_prepare_pulse_timer
                0x0040645c       0x34 source/drivers/chirpmicro/src/ch_common.o
                0x0040645c                ch_common_prepare_pulse_timer
 .text.ch_common_store_pt_result
                0x00406490       0x3c source/drivers/chirpmicro/src/ch_common.o
                0x00406490                ch_common_store_pt_result
 .text.ch_common_store_op_freq
                0x004064cc       0x74 source/drivers/chirpmicro/src/ch_common.o
                0x004064cc                ch_common_store_op_freq
 .text.ch_common_store_bandwidth
                0x00406540       0x14 source/drivers/chirpmicro/src/ch_common.o
                0x00406540                ch_common_store_bandwidth
 .text.ch_common_store_scale_factor
                0x00406554       0x50 source/drivers/chirpmicro/src/ch_common.o
                0x00406554                ch_common_store_scale_factor
 .text.ch_common_set_thresholds
                0x004065a4      0x114 source/drivers/chirpmicro/src/ch_common.o
                0x004065a4                ch_common_set_thresholds
 .text.ch_common_get_thresholds
                0x004066b8      0x108 source/drivers/chirpmicro/src/ch_common.o
                0x004066b8                ch_common_get_thresholds
 .text.get_sample_data
                0x004067c0      0x1e4 source/drivers/chirpmicro/src/ch_common.o
 .text.ch_common_set_sample_window
                0x004069a4       0x52 source/drivers/chirpmicro/src/ch_common.o
                0x004069a4                ch_common_set_sample_window
 *fill*         0x004069f6        0x2 
 .text.ch_common_get_amplitude_avg
                0x004069f8       0xd0 source/drivers/chirpmicro/src/ch_common.o
                0x004069f8                ch_common_get_amplitude_avg
 .text.ch_common_get_iq_data
                0x00406ac8       0x3c source/drivers/chirpmicro/src/ch_common.o
                0x00406ac8                ch_common_get_iq_data
 .text.ch_common_get_amplitude_data
                0x00406b04      0x140 source/drivers/chirpmicro/src/ch_common.o
                0x00406b04                ch_common_get_amplitude_data
 .text.ch_common_set_rx_holdoff
                0x00406c44       0x60 source/drivers/chirpmicro/src/ch_common.o
                0x00406c44                ch_common_set_rx_holdoff
 .text.ch_common_get_rx_holdoff
                0x00406ca4       0x58 source/drivers/chirpmicro/src/ch_common.o
                0x00406ca4                ch_common_get_rx_holdoff
 .text.chdrv_prog_i2c_write
                0x00406cfc       0x38 source/drivers/chirpmicro/src/ch_driver.o
                0x00406cfc                chdrv_prog_i2c_write
 .text.chdrv_prog_i2c_read
                0x00406d34       0x38 source/drivers/chirpmicro/src/ch_driver.o
                0x00406d34                chdrv_prog_i2c_read
 .text.chdrv_prog_i2c_read_nb
                0x00406d6c       0x38 source/drivers/chirpmicro/src/ch_driver.o
                0x00406d6c                chdrv_prog_i2c_read_nb
 .text.chdrv_write_byte
                0x00406da4       0x38 source/drivers/chirpmicro/src/ch_driver.o
                0x00406da4                chdrv_write_byte
 .text.chdrv_write_word
                0x00406ddc       0x44 source/drivers/chirpmicro/src/ch_driver.o
                0x00406ddc                chdrv_write_word
 .text.chdrv_read_byte
                0x00406e20       0x28 source/drivers/chirpmicro/src/ch_driver.o
                0x00406e20                chdrv_read_byte
 .text.chdrv_burst_read
                0x00406e48       0x30 source/drivers/chirpmicro/src/ch_driver.o
                0x00406e48                chdrv_burst_read
 .text.chdrv_read_word
                0x00406e78       0x28 source/drivers/chirpmicro/src/ch_driver.o
                0x00406e78                chdrv_read_word
 .text.chdrv_group_measure_rtc
                0x00406ea0      0x11c source/drivers/chirpmicro/src/ch_driver.o
                0x00406ea0                chdrv_group_measure_rtc
 .text.chdrv_group_i2c_queue
                0x00406fbc       0x98 source/drivers/chirpmicro/src/ch_driver.o
                0x00406fbc                chdrv_group_i2c_queue
 .text.chdrv_group_i2c_irq_handler
                0x00407054      0x29c source/drivers/chirpmicro/src/ch_driver.o
                0x00407054                chdrv_group_i2c_irq_handler
 .text.chdrv_wait_for_lock
                0x004072f0       0x68 source/drivers/chirpmicro/src/ch_driver.o
                0x004072f0                chdrv_wait_for_lock
 .text.chdrv_group_wait_for_lock
                0x00407358       0x54 source/drivers/chirpmicro/src/ch_driver.o
                0x00407358                chdrv_group_wait_for_lock
 .text.chdrv_group_hw_trigger
                0x004073ac      0x104 source/drivers/chirpmicro/src/ch_driver.o
                0x004073ac                chdrv_group_hw_trigger
 .text.chdrv_prog_write
                0x004074b0       0x58 source/drivers/chirpmicro/src/ch_driver.o
                0x004074b0                chdrv_prog_write
 .text.chdrv_prog_mem_write
                0x00407508      0x100 source/drivers/chirpmicro/src/ch_driver.o
                0x00407508                chdrv_prog_mem_write
 .text.chdrv_prog_read
                0x00407608       0x90 source/drivers/chirpmicro/src/ch_driver.o
 .text.chdrv_write_firmware
                0x00407698       0x4a source/drivers/chirpmicro/src/ch_driver.o
 *fill*         0x004076e2        0x2 
 .text.chdrv_init_ram
                0x004076e4       0x68 source/drivers/chirpmicro/src/ch_driver.o
 .text.chdrv_reset_and_halt
                0x0040774c       0x34 source/drivers/chirpmicro/src/ch_driver.o
 .text.chdrv_prog_ping
                0x00407780       0x44 source/drivers/chirpmicro/src/ch_driver.o
                0x00407780                chdrv_prog_ping
 .text.chdrv_detect_and_program
                0x004077c4      0x170 source/drivers/chirpmicro/src/ch_driver.o
                0x004077c4                chdrv_detect_and_program
 .text.chdrv_set_idle
                0x00407934       0x64 source/drivers/chirpmicro/src/ch_driver.o
                0x00407934                chdrv_set_idle
 .text.chdrv_group_detect_and_program
                0x00407998       0x68 source/drivers/chirpmicro/src/ch_driver.o
                0x00407998                chdrv_group_detect_and_program
 .text.chdrv_group_prepare
                0x00407a00       0xa8 source/drivers/chirpmicro/src/ch_driver.o
                0x00407a00                chdrv_group_prepare
 .text.chdrv_group_start
                0x00407aa8      0x1c0 source/drivers/chirpmicro/src/ch_driver.o
                0x00407aa8                chdrv_group_start
 .text.chdrv_pretrigger_delay_set
                0x00407c68       0x1e source/drivers/chirpmicro/src/ch_driver.o
                0x00407c68                chdrv_pretrigger_delay_set
 .text.sqrt_int32
                0x00407c86       0x58 source/drivers/chirpmicro/src/ch_math_utils.o
                0x00407c86                sqrt_int32
 *fill*         0x00407cde        0x2 
 .text.NVIC_EnableIRQ
                0x00407ce0       0x34 source/drivers/inv/inv_i2c.o
 .text.NVIC_DisableIRQ
                0x00407d14       0x34 source/drivers/inv/inv_i2c.o
 .text.NVIC_ClearPendingIRQ
                0x00407d48       0x34 source/drivers/inv/inv_i2c.o
 .text.NVIC_SetPriority
                0x00407d7c       0x54 source/drivers/inv/inv_i2c.o
 .text.osc_get_rate
                0x00407dd0       0x74 source/drivers/inv/inv_i2c.o
 .text.sysclk_get_main_hz
                0x00407e44       0x1c source/drivers/inv/inv_i2c.o
 .text.sysclk_get_peripheral_hz
                0x00407e60       0x14 source/drivers/inv/inv_i2c.o
 .text.i2c_master_initialize1
                0x00407e74       0x78 source/drivers/inv/inv_i2c.o
                0x00407e74                i2c_master_initialize1
 .text.i2c_master_initialize3
                0x00407eec       0x78 source/drivers/inv/inv_i2c.o
                0x00407eec                i2c_master_initialize3
 .text.i2c_master_init
                0x00407f64       0x50 source/drivers/inv/inv_i2c.o
                0x00407f64                i2c_master_init
 .text.i2c_master_read_register1
                0x00407fb4       0x50 source/drivers/inv/inv_i2c.o
                0x00407fb4                i2c_master_read_register1
 .text.i2c_master_read_register1_raw
                0x00408004       0x48 source/drivers/inv/inv_i2c.o
                0x00408004                i2c_master_read_register1_raw
 .text.i2c_master_read_register3
                0x0040804c       0x50 source/drivers/inv/inv_i2c.o
                0x0040804c                i2c_master_read_register3
 .text.i2c_master_read_register3_raw
                0x0040809c       0x48 source/drivers/inv/inv_i2c.o
                0x0040809c                i2c_master_read_register3_raw
 .text.i2c_master_write_register1
                0x004080e4       0x48 source/drivers/inv/inv_i2c.o
                0x004080e4                i2c_master_write_register1
 .text.i2c_master_write_register1_raw
                0x0040812c       0x40 source/drivers/inv/inv_i2c.o
                0x0040812c                i2c_master_write_register1_raw
 .text.i2c_master_write_register3
                0x0040816c       0x48 source/drivers/inv/inv_i2c.o
                0x0040816c                i2c_master_write_register3
 .text.i2c_master_write_register3_raw
                0x004081b4       0x40 source/drivers/inv/inv_i2c.o
                0x004081b4                i2c_master_write_register3_raw
 .text.osc_get_rate
                0x004081f4       0x74 source/drivers/inv/inv_uart.o
 .text.sysclk_get_main_hz
                0x00408268       0x1c source/drivers/inv/inv_uart.o
 .text.sysclk_get_peripheral_hz
                0x00408284       0x14 source/drivers/inv/inv_uart.o
 .text.sysclk_enable_peripheral_clock
                0x00408298       0x1c source/drivers/inv/inv_uart.o
 .text.ioport_disable_pin
                0x004082b4       0x4a source/drivers/inv/inv_uart.o
 .text.ioport_disable_port
                0x004082fe       0x34 source/drivers/inv/inv_uart.o
 .text.ioport_set_port_mode
                0x00408332      0x102 source/drivers/inv/inv_uart.o
 .text.ioport_set_pin_mode
                0x00408434      0x11c source/drivers/inv/inv_uart.o
 .text.usart_serial_init
                0x00408550      0x228 source/drivers/inv/inv_uart.o
 .text.usart_serial_putchar
                0x00408778      0x12c source/drivers/inv/inv_uart.o
 .text.usart_serial_getchar
                0x004088a4      0x15c source/drivers/inv/inv_uart.o
 .text.stdio_serial_init
                0x00408a00       0x68 source/drivers/inv/inv_uart.o
 .text.configure_console
                0x00408a68       0x9c source/drivers/inv/inv_uart.o
                0x00408a68                configure_console
 .text.__libc_init_array
                0x00408b04       0x48 c:/program files (x86)/atmel/studio/7.0/toolchain/arm/arm-gnu-toolchain/bin/../lib/gcc/arm-none-eabi/6.3.1/../../../../arm-none-eabi/lib/thumb/v7e-m\libc_nano.a(lib_a-init.o)
                0x00408b04                __libc_init_array
 .text.memcpy   0x00408b4c       0x16 c:/program files (x86)/atmel/studio/7.0/toolchain/arm/arm-gnu-toolchain/bin/../lib/gcc/arm-none-eabi/6.3.1/../../../../arm-none-eabi/lib/thumb/v7e-m\libc_nano.a(lib_a-memcpy-stub.o)
                0x00408b4c                memcpy
 .text.memset   0x00408b62       0x10 c:/program files (x86)/atmel/studio/7.0/toolchain/arm/arm-gnu-toolchain/bin/../lib/gcc/arm-none-eabi/6.3.1/../../../../arm-none-eabi/lib/thumb/v7e-m\libc_nano.a(lib_a-memset.o)
                0x00408b62                memset
 .text.__cvt    0x00408b72       0xb8 c:/program files (x86)/atmel/studio/7.0/toolchain/arm/arm-gnu-toolchain/bin/../lib/gcc/arm-none-eabi/6.3.1/../../../../arm-none-eabi/lib/thumb/v7e-m\libc_nano.a(lib_a-nano-vfprintf_float.o)
                0x00408b72                __cvt
 .text.__exponent
                0x00408c2a       0x6a c:/program files (x86)/atmel/studio/7.0/toolchain/arm/arm-gnu-toolchain/bin/../lib/gcc/arm-none-eabi/6.3.1/../../../../arm-none-eabi/lib/thumb/v7e-m\libc_nano.a(lib_a-nano-vfprintf_float.o)
                0x00408c2a                __exponent
 .text._printf_float
                0x00408c94      0x470 c:/program files (x86)/atmel/studio/7.0/toolchain/arm/arm-gnu-toolchain/bin/../lib/gcc/arm-none-eabi/6.3.1/../../../../arm-none-eabi/lib/thumb/v7e-m\libc_nano.a(lib_a-nano-vfprintf_float.o)
                0x00408c94                _printf_float
 .text._printf_common
                0x00409104       0xec c:/program files (x86)/atmel/studio/7.0/toolchain/arm/arm-gnu-toolchain/bin/../lib/gcc/arm-none-eabi/6.3.1/../../../../arm-none-eabi/lib/thumb/v7e-m\libc_nano.a(lib_a-nano-vfprintf_i.o)
                0x00409104                _printf_common
 .text._printf_i
                0x004091f0      0x240 c:/program files (x86)/atmel/studio/7.0/toolchain/arm/arm-gnu-toolchain/bin/../lib/gcc/arm-none-eabi/6.3.1/../../../../arm-none-eabi/lib/thumb/v7e-m\libc_nano.a(lib_a-nano-vfprintf_i.o)
                0x004091f0                _printf_i
 .text.printf   0x00409430       0x30 c:/program files (x86)/atmel/studio/7.0/toolchain/arm/arm-gnu-toolchain/bin/../lib/gcc/arm-none-eabi/6.3.1/../../../../arm-none-eabi/lib/thumb/v7e-m\libc_nano.a(lib_a-printf.o)
                0x00409430                iprintf
                0x00409430                printf
 .text.setbuf   0x00409460       0x10 c:/program files (x86)/atmel/studio/7.0/toolchain/arm/arm-gnu-toolchain/bin/../lib/gcc/arm-none-eabi/6.3.1/../../../../arm-none-eabi/lib/thumb/v7e-m\libc_nano.a(lib_a-setbuf.o)
                0x00409460                setbuf
 .text.setvbuf  0x00409470      0x15c c:/program files (x86)/atmel/studio/7.0/toolchain/arm/arm-gnu-toolchain/bin/../lib/gcc/arm-none-eabi/6.3.1/../../../../arm-none-eabi/lib/thumb/v7e-m\libc_nano.a(lib_a-setvbuf.o)
                0x00409470                setvbuf
 .text          0x004095cc       0x10 c:/program files (x86)/atmel/studio/7.0/toolchain/arm/arm-gnu-toolchain/bin/../lib/gcc/arm-none-eabi/6.3.1/../../../../arm-none-eabi/lib/thumb/v7e-m\libc_nano.a(lib_a-strlen.o)
                0x004095cc                strlen
 .text.quorem   0x004095dc      0x118 c:/program files (x86)/atmel/studio/7.0/toolchain/arm/arm-gnu-toolchain/bin/../lib/gcc/arm-none-eabi/6.3.1/../../../../arm-none-eabi/lib/thumb/v7e-m\libc_nano.a(lib_a-dtoa.o)
 *fill*         0x004096f4        0x4 
 .text._dtoa_r  0x004096f8      0xba4 c:/program files (x86)/atmel/studio/7.0/toolchain/arm/arm-gnu-toolchain/bin/../lib/gcc/arm-none-eabi/6.3.1/../../../../arm-none-eabi/lib/thumb/v7e-m\libc_nano.a(lib_a-dtoa.o)
                0x004096f8                _dtoa_r
 .text.__sflush_r
                0x0040a29c      0x110 c:/program files (x86)/atmel/studio/7.0/toolchain/arm/arm-gnu-toolchain/bin/../lib/gcc/arm-none-eabi/6.3.1/../../../../arm-none-eabi/lib/thumb/v7e-m\libc_nano.a(lib_a-fflush.o)
                0x0040a29c                __sflush_r
 .text._fflush_r
                0x0040a3ac       0x54 c:/program files (x86)/atmel/studio/7.0/toolchain/arm/arm-gnu-toolchain/bin/../lib/gcc/arm-none-eabi/6.3.1/../../../../arm-none-eabi/lib/thumb/v7e-m\libc_nano.a(lib_a-fflush.o)
                0x0040a3ac                _fflush_r
 .text._cleanup_r
                0x0040a400        0xc c:/program files (x86)/atmel/studio/7.0/toolchain/arm/arm-gnu-toolchain/bin/../lib/gcc/arm-none-eabi/6.3.1/../../../../arm-none-eabi/lib/thumb/v7e-m\libc_nano.a(lib_a-findfp.o)
                0x0040a400                _cleanup_r
 .text.std.isra.0
                0x0040a40c       0x48 c:/program files (x86)/atmel/studio/7.0/toolchain/arm/arm-gnu-toolchain/bin/../lib/gcc/arm-none-eabi/6.3.1/../../../../arm-none-eabi/lib/thumb/v7e-m\libc_nano.a(lib_a-findfp.o)
 .text.__sfmoreglue
                0x0040a454       0x2c c:/program files (x86)/atmel/studio/7.0/toolchain/arm/arm-gnu-toolchain/bin/../lib/gcc/arm-none-eabi/6.3.1/../../../../arm-none-eabi/lib/thumb/v7e-m\libc_nano.a(lib_a-findfp.o)
                0x0040a454                __sfmoreglue
 .text.__sinit  0x0040a480       0x60 c:/program files (x86)/atmel/studio/7.0/toolchain/arm/arm-gnu-toolchain/bin/../lib/gcc/arm-none-eabi/6.3.1/../../../../arm-none-eabi/lib/thumb/v7e-m\libc_nano.a(lib_a-findfp.o)
                0x0040a480                __sinit
 .text.__sfp    0x0040a4e0       0x78 c:/program files (x86)/atmel/studio/7.0/toolchain/arm/arm-gnu-toolchain/bin/../lib/gcc/arm-none-eabi/6.3.1/../../../../arm-none-eabi/lib/thumb/v7e-m\libc_nano.a(lib_a-findfp.o)
                0x0040a4e0                __sfp
 .text._fwalk_reent
                0x0040a558       0x3c c:/program files (x86)/atmel/studio/7.0/toolchain/arm/arm-gnu-toolchain/bin/../lib/gcc/arm-none-eabi/6.3.1/../../../../arm-none-eabi/lib/thumb/v7e-m\libc_nano.a(lib_a-fwalk.o)
                0x0040a558                _fwalk_reent
 .text._localeconv_r
                0x0040a594       0x1c c:/program files (x86)/atmel/studio/7.0/toolchain/arm/arm-gnu-toolchain/bin/../lib/gcc/arm-none-eabi/6.3.1/../../../../arm-none-eabi/lib/thumb/v7e-m\libc_nano.a(lib_a-localeconv.o)
                0x0040a594                _localeconv_r
 .text.__swhatbuf_r
                0x0040a5b0       0x48 c:/program files (x86)/atmel/studio/7.0/toolchain/arm/arm-gnu-toolchain/bin/../lib/gcc/arm-none-eabi/6.3.1/../../../../arm-none-eabi/lib/thumb/v7e-m\libc_nano.a(lib_a-makebuf.o)
                0x0040a5b0                __swhatbuf_r
 .text.__smakebuf_r
                0x0040a5f8       0x80 c:/program files (x86)/atmel/studio/7.0/toolchain/arm/arm-gnu-toolchain/bin/../lib/gcc/arm-none-eabi/6.3.1/../../../../arm-none-eabi/lib/thumb/v7e-m\libc_nano.a(lib_a-makebuf.o)
                0x0040a5f8                __smakebuf_r
 .text.malloc   0x0040a678       0x10 c:/program files (x86)/atmel/studio/7.0/toolchain/arm/arm-gnu-toolchain/bin/../lib/gcc/arm-none-eabi/6.3.1/../../../../arm-none-eabi/lib/thumb/v7e-m\libc_nano.a(lib_a-malloc.o)
                0x0040a678                malloc
 *fill*         0x0040a688        0x8 
 .text          0x0040a690       0xa0 c:/program files (x86)/atmel/studio/7.0/toolchain/arm/arm-gnu-toolchain/bin/../lib/gcc/arm-none-eabi/6.3.1/../../../../arm-none-eabi/lib/thumb/v7e-m\libc_nano.a(lib_a-memchr.o)
                0x0040a690                memchr
 .text._Balloc  0x0040a730       0x68 c:/program files (x86)/atmel/studio/7.0/toolchain/arm/arm-gnu-toolchain/bin/../lib/gcc/arm-none-eabi/6.3.1/../../../../arm-none-eabi/lib/thumb/v7e-m\libc_nano.a(lib_a-mprec.o)
                0x0040a730                _Balloc
 .text._Bfree   0x0040a798       0x2e c:/program files (x86)/atmel/studio/7.0/toolchain/arm/arm-gnu-toolchain/bin/../lib/gcc/arm-none-eabi/6.3.1/../../../../arm-none-eabi/lib/thumb/v7e-m\libc_nano.a(lib_a-mprec.o)
                0x0040a798                _Bfree
 .text.__multadd
                0x0040a7c6       0x76 c:/program files (x86)/atmel/studio/7.0/toolchain/arm/arm-gnu-toolchain/bin/../lib/gcc/arm-none-eabi/6.3.1/../../../../arm-none-eabi/lib/thumb/v7e-m\libc_nano.a(lib_a-mprec.o)
                0x0040a7c6                __multadd
 .text.__hi0bits
                0x0040a83c       0x3e c:/program files (x86)/atmel/studio/7.0/toolchain/arm/arm-gnu-toolchain/bin/../lib/gcc/arm-none-eabi/6.3.1/../../../../arm-none-eabi/lib/thumb/v7e-m\libc_nano.a(lib_a-mprec.o)
                0x0040a83c                __hi0bits
 .text.__lo0bits
                0x0040a87a       0x5e c:/program files (x86)/atmel/studio/7.0/toolchain/arm/arm-gnu-toolchain/bin/../lib/gcc/arm-none-eabi/6.3.1/../../../../arm-none-eabi/lib/thumb/v7e-m\libc_nano.a(lib_a-mprec.o)
                0x0040a87a                __lo0bits
 .text.__i2b    0x0040a8d8       0x12 c:/program files (x86)/atmel/studio/7.0/toolchain/arm/arm-gnu-toolchain/bin/../lib/gcc/arm-none-eabi/6.3.1/../../../../arm-none-eabi/lib/thumb/v7e-m\libc_nano.a(lib_a-mprec.o)
                0x0040a8d8                __i2b
 .text.__multiply
                0x0040a8ea      0x11a c:/program files (x86)/atmel/studio/7.0/toolchain/arm/arm-gnu-toolchain/bin/../lib/gcc/arm-none-eabi/6.3.1/../../../../arm-none-eabi/lib/thumb/v7e-m\libc_nano.a(lib_a-mprec.o)
                0x0040a8ea                __multiply
 .text.__pow5mult
                0x0040aa04       0x9c c:/program files (x86)/atmel/studio/7.0/toolchain/arm/arm-gnu-toolchain/bin/../lib/gcc/arm-none-eabi/6.3.1/../../../../arm-none-eabi/lib/thumb/v7e-m\libc_nano.a(lib_a-mprec.o)
                0x0040aa04                __pow5mult
 .text.__lshift
                0x0040aaa0       0xa2 c:/program files (x86)/atmel/studio/7.0/toolchain/arm/arm-gnu-toolchain/bin/../lib/gcc/arm-none-eabi/6.3.1/../../../../arm-none-eabi/lib/thumb/v7e-m\libc_nano.a(lib_a-mprec.o)
                0x0040aaa0                __lshift
 .text.__mcmp   0x0040ab42       0x34 c:/program files (x86)/atmel/studio/7.0/toolchain/arm/arm-gnu-toolchain/bin/../lib/gcc/arm-none-eabi/6.3.1/../../../../arm-none-eabi/lib/thumb/v7e-m\libc_nano.a(lib_a-mprec.o)
                0x0040ab42                __mcmp
 .text.__mdiff  0x0040ab76       0xbc c:/program files (x86)/atmel/studio/7.0/toolchain/arm/arm-gnu-toolchain/bin/../lib/gcc/arm-none-eabi/6.3.1/../../../../arm-none-eabi/lib/thumb/v7e-m\libc_nano.a(lib_a-mprec.o)
                0x0040ab76                __mdiff
 .text.__d2b    0x0040ac32       0x9e c:/program files (x86)/atmel/studio/7.0/toolchain/arm/arm-gnu-toolchain/bin/../lib/gcc/arm-none-eabi/6.3.1/../../../../arm-none-eabi/lib/thumb/v7e-m\libc_nano.a(lib_a-mprec.o)
                0x0040ac32                __d2b
 .text._calloc_r
                0x0040acd0       0x1c c:/program files (x86)/atmel/studio/7.0/toolchain/arm/arm-gnu-toolchain/bin/../lib/gcc/arm-none-eabi/6.3.1/../../../../arm-none-eabi/lib/thumb/v7e-m\libc_nano.a(lib_a-nano-callocr.o)
                0x0040acd0                _calloc_r
 .text._free_r  0x0040acec       0x9c c:/program files (x86)/atmel/studio/7.0/toolchain/arm/arm-gnu-toolchain/bin/../lib/gcc/arm-none-eabi/6.3.1/../../../../arm-none-eabi/lib/thumb/v7e-m\libc_nano.a(lib_a-nano-freer.o)
                0x0040acec                _free_r
 .text._malloc_r
                0x0040ad88       0xbc c:/program files (x86)/atmel/studio/7.0/toolchain/arm/arm-gnu-toolchain/bin/../lib/gcc/arm-none-eabi/6.3.1/../../../../arm-none-eabi/lib/thumb/v7e-m\libc_nano.a(lib_a-nano-mallocr.o)
                0x0040ad88                _malloc_r
 .text.__sfputc_r
                0x0040ae44       0x2c c:/program files (x86)/atmel/studio/7.0/toolchain/arm/arm-gnu-toolchain/bin/../lib/gcc/arm-none-eabi/6.3.1/../../../../arm-none-eabi/lib/thumb/v7e-m\libc_nano.a(lib_a-nano-vfprintf.o)
 .text.__sfputs_r
                0x0040ae70       0x24 c:/program files (x86)/atmel/studio/7.0/toolchain/arm/arm-gnu-toolchain/bin/../lib/gcc/arm-none-eabi/6.3.1/../../../../arm-none-eabi/lib/thumb/v7e-m\libc_nano.a(lib_a-nano-vfprintf.o)
                0x0040ae70                __sfputs_r
 .text._vfprintf_r
                0x0040ae94      0x22c c:/program files (x86)/atmel/studio/7.0/toolchain/arm/arm-gnu-toolchain/bin/../lib/gcc/arm-none-eabi/6.3.1/../../../../arm-none-eabi/lib/thumb/v7e-m\libc_nano.a(lib_a-nano-vfprintf.o)
                0x0040ae94                _vfprintf_r
                0x0040ae94                _vfiprintf_r
 .text._sbrk_r  0x0040b0c0       0x20 c:/program files (x86)/atmel/studio/7.0/toolchain/arm/arm-gnu-toolchain/bin/../lib/gcc/arm-none-eabi/6.3.1/../../../../arm-none-eabi/lib/thumb/v7e-m\libc_nano.a(lib_a-sbrkr.o)
                0x0040b0c0                _sbrk_r
 .text.__sread  0x0040b0e0       0x22 c:/program files (x86)/atmel/studio/7.0/toolchain/arm/arm-gnu-toolchain/bin/../lib/gcc/arm-none-eabi/6.3.1/../../../../arm-none-eabi/lib/thumb/v7e-m\libc_nano.a(lib_a-stdio.o)
                0x0040b0e0                __sread
 .text.__swrite
                0x0040b102       0x38 c:/program files (x86)/atmel/studio/7.0/toolchain/arm/arm-gnu-toolchain/bin/../lib/gcc/arm-none-eabi/6.3.1/../../../../arm-none-eabi/lib/thumb/v7e-m\libc_nano.a(lib_a-stdio.o)
                0x0040b102                __swrite
 .text.__sseek  0x0040b13a       0x24 c:/program files (x86)/atmel/studio/7.0/toolchain/arm/arm-gnu-toolchain/bin/../lib/gcc/arm-none-eabi/6.3.1/../../../../arm-none-eabi/lib/thumb/v7e-m\libc_nano.a(lib_a-stdio.o)
                0x0040b13a                __sseek
 .text.__sclose
                0x0040b15e        0x8 c:/program files (x86)/atmel/studio/7.0/toolchain/arm/arm-gnu-toolchain/bin/../lib/gcc/arm-none-eabi/6.3.1/../../../../arm-none-eabi/lib/thumb/v7e-m\libc_nano.a(lib_a-stdio.o)
                0x0040b15e                __sclose
 *fill*         0x0040b166        0x2 
 .text.__swbuf_r
                0x0040b168       0xa4 c:/program files (x86)/atmel/studio/7.0/toolchain/arm/arm-gnu-toolchain/bin/../lib/gcc/arm-none-eabi/6.3.1/../../../../arm-none-eabi/lib/thumb/v7e-m\libc_nano.a(lib_a-wbuf.o)
                0x0040b168                __swbuf_r
 .text._write_r
                0x0040b20c       0x24 c:/program files (x86)/atmel/studio/7.0/toolchain/arm/arm-gnu-toolchain/bin/../lib/gcc/arm-none-eabi/6.3.1/../../../../arm-none-eabi/lib/thumb/v7e-m\libc_nano.a(lib_a-writer.o)
                0x0040b20c                _write_r
 .text.__swsetup_r
                0x0040b230       0xdc c:/program files (x86)/atmel/studio/7.0/toolchain/arm/arm-gnu-toolchain/bin/../lib/gcc/arm-none-eabi/6.3.1/../../../../arm-none-eabi/lib/thumb/v7e-m\libc_nano.a(lib_a-wsetup.o)
                0x0040b230                __swsetup_r
 .text._close_r
                0x0040b30c       0x20 c:/program files (x86)/atmel/studio/7.0/toolchain/arm/arm-gnu-toolchain/bin/../lib/gcc/arm-none-eabi/6.3.1/../../../../arm-none-eabi/lib/thumb/v7e-m\libc_nano.a(lib_a-closer.o)
                0x0040b30c                _close_r
 .text._fstat_r
                0x0040b32c       0x24 c:/program files (x86)/atmel/studio/7.0/toolchain/arm/arm-gnu-toolchain/bin/../lib/gcc/arm-none-eabi/6.3.1/../../../../arm-none-eabi/lib/thumb/v7e-m\libc_nano.a(lib_a-fstatr.o)
                0x0040b32c                _fstat_r
 .text._isatty_r
                0x0040b350       0x20 c:/program files (x86)/atmel/studio/7.0/toolchain/arm/arm-gnu-toolchain/bin/../lib/gcc/arm-none-eabi/6.3.1/../../../../arm-none-eabi/lib/thumb/v7e-m\libc_nano.a(lib_a-isattyr.o)
                0x0040b350                _isatty_r
 .text._lseek_r
                0x0040b370       0x24 c:/program files (x86)/atmel/studio/7.0/toolchain/arm/arm-gnu-toolchain/bin/../lib/gcc/arm-none-eabi/6.3.1/../../../../arm-none-eabi/lib/thumb/v7e-m\libc_nano.a(lib_a-lseekr.o)
                0x0040b370                _lseek_r
 .text.__ascii_mbtowc
                0x0040b394       0x24 c:/program files (x86)/atmel/studio/7.0/toolchain/arm/arm-gnu-toolchain/bin/../lib/gcc/arm-none-eabi/6.3.1/../../../../arm-none-eabi/lib/thumb/v7e-m\libc_nano.a(lib_a-mbtowc_r.o)
                0x0040b394                __ascii_mbtowc
 .text.__malloc_lock
                0x0040b3b8        0x2 c:/program files (x86)/atmel/studio/7.0/toolchain/arm/arm-gnu-toolchain/bin/../lib/gcc/arm-none-eabi/6.3.1/../../../../arm-none-eabi/lib/thumb/v7e-m\libc_nano.a(lib_a-mlock.o)
                0x0040b3b8                __malloc_lock
 .text.__malloc_unlock
                0x0040b3ba        0x2 c:/program files (x86)/atmel/studio/7.0/toolchain/arm/arm-gnu-toolchain/bin/../lib/gcc/arm-none-eabi/6.3.1/../../../../arm-none-eabi/lib/thumb/v7e-m\libc_nano.a(lib_a-mlock.o)
                0x0040b3ba                __malloc_unlock
 .text._read_r  0x0040b3bc       0x24 c:/program files (x86)/atmel/studio/7.0/toolchain/arm/arm-gnu-toolchain/bin/../lib/gcc/arm-none-eabi/6.3.1/../../../../arm-none-eabi/lib/thumb/v7e-m\libc_nano.a(lib_a-readr.o)
                0x0040b3bc                _read_r
 .text.__ascii_wctomb
                0x0040b3e0       0x1a c:/program files (x86)/atmel/studio/7.0/toolchain/arm/arm-gnu-toolchain/bin/../lib/gcc/arm-none-eabi/6.3.1/../../../../arm-none-eabi/lib/thumb/v7e-m\libc_nano.a(lib_a-wctomb_r.o)
                0x0040b3e0                __ascii_wctomb
 *fill*         0x0040b3fa        0x2 
 .text          0x0040b3fc      0x370 c:/program files (x86)/atmel/studio/7.0/toolchain/arm/arm-gnu-toolchain/bin/../lib/gcc/arm-none-eabi/6.3.1/thumb/v7e-m\libgcc.a(_arm_addsubdf3.o)
                0x0040b3fc                __aeabi_drsub
                0x0040b404                __aeabi_dsub
                0x0040b404                __subdf3
                0x0040b408                __aeabi_dadd
                0x0040b408                __adddf3
                0x0040b680                __floatunsidf
                0x0040b680                __aeabi_ui2d
                0x0040b6a0                __floatsidf
                0x0040b6a0                __aeabi_i2d
                0x0040b6c4                __aeabi_f2d
                0x0040b6c4                __extendsfdf2
                0x0040b700                __floatundidf
                0x0040b700                __aeabi_ul2d
                0x0040b710                __floatdidf
                0x0040b710                __aeabi_l2d
 .text          0x0040b76c      0x424 c:/program files (x86)/atmel/studio/7.0/toolchain/arm/arm-gnu-toolchain/bin/../lib/gcc/arm-none-eabi/6.3.1/thumb/v7e-m\libgcc.a(_arm_muldivdf3.o)
                0x0040b76c                __aeabi_dmul
                0x0040b76c                __muldf3
                0x0040b9c0                __divdf3
                0x0040b9c0                __aeabi_ddiv
 .text          0x0040bb90      0x110 c:/program files (x86)/atmel/studio/7.0/toolchain/arm/arm-gnu-toolchain/bin/../lib/gcc/arm-none-eabi/6.3.1/thumb/v7e-m\libgcc.a(_arm_cmpdf2.o)
                0x0040bb90                __gtdf2
                0x0040bb90                __gedf2
                0x0040bb98                __ltdf2
                0x0040bb98                __ledf2
                0x0040bba0                __nedf2
                0x0040bba0                __eqdf2
                0x0040bba0                __cmpdf2
                0x0040bc1c                __aeabi_cdrcmple
                0x0040bc2c                __aeabi_cdcmpeq
                0x0040bc2c                __aeabi_cdcmple
                0x0040bc3c                __aeabi_dcmpeq
                0x0040bc50                __aeabi_dcmplt
                0x0040bc64                __aeabi_dcmple
                0x0040bc78                __aeabi_dcmpge
                0x0040bc8c                __aeabi_dcmpgt
 .text          0x0040bca0       0x2c c:/program files (x86)/atmel/studio/7.0/toolchain/arm/arm-gnu-toolchain/bin/../lib/gcc/arm-none-eabi/6.3.1/thumb/v7e-m\libgcc.a(_arm_unorddf2.o)
                0x0040bca0                __unorddf2
                0x0040bca0                __aeabi_dcmpun
 .text          0x0040bccc       0x50 c:/program files (x86)/atmel/studio/7.0/toolchain/arm/arm-gnu-toolchain/bin/../lib/gcc/arm-none-eabi/6.3.1/thumb/v7e-m\libgcc.a(_arm_fixdfsi.o)
                0x0040bccc                __aeabi_d2iz
                0x0040bccc                __fixdfsi
 .text          0x0040bd1c       0x40 c:/program files (x86)/atmel/studio/7.0/toolchain/arm/arm-gnu-toolchain/bin/../lib/gcc/arm-none-eabi/6.3.1/thumb/v7e-m\libgcc.a(_arm_fixunsdfsi.o)
                0x0040bd1c                __aeabi_d2uiz
                0x0040bd1c                __fixunsdfsi
 .text          0x0040bd5c       0x30 c:/program files (x86)/atmel/studio/7.0/toolchain/arm/arm-gnu-toolchain/bin/../lib/gcc/arm-none-eabi/6.3.1/thumb/v7e-m\libgcc.a(_aeabi_uldivmod.o)
                0x0040bd5c                __aeabi_uldivmod
 .text          0x0040bd8c      0x2dc c:/program files (x86)/atmel/studio/7.0/toolchain/arm/arm-gnu-toolchain/bin/../lib/gcc/arm-none-eabi/6.3.1/thumb/v7e-m\libgcc.a(_udivmoddi4.o)
                0x0040bd8c                __udivmoddi4
 .text          0x0040c068        0x4 c:/program files (x86)/atmel/studio/7.0/toolchain/arm/arm-gnu-toolchain/bin/../lib/gcc/arm-none-eabi/6.3.1/thumb/v7e-m\libgcc.a(_dvmd_tls.o)
                0x0040c068                __aeabi_idiv0
                0x0040c068                __aeabi_ldiv0
 *(.glue_7t)
 .glue_7t       0x0040c06c        0x0 linker stubs
 *(.glue_7)
 .glue_7        0x0040c06c        0x0 linker stubs
 *(.rodata .rodata* .gnu.linkonce.r.*)
 .rodata        0x0040c06c      0x325 source/application/smartsonic-hellochirp-example/main.o
 *fill*         0x0040c391        0x3 
 .rodata        0x0040c394       0x6f source/board/HAL/src/chbsp_chirp_samg55.o
 *fill*         0x0040c403        0x1 
 .rodata.adc_interrupt_mask
                0x0040c404       0x60 source/board/sam/drivers/adc/adc2.o
                0x0040c404                adc_interrupt_mask
 .rodata        0x0040c464       0x10 source/drivers/chirpmicro/src/ch201_gprmt_fw.o
 .rodata.ram_ch201_gprmt_init
                0x0040c474       0x1c source/drivers/chirpmicro/src/ch201_gprmt_fw.o
                0x0040c474                ram_ch201_gprmt_init
 .rodata.ch201_gprmt_fw
                0x0040c490      0x800 source/drivers/chirpmicro/src/ch201_gprmt_fw.o
                0x0040c490                ch201_gprmt_fw
 .rodata        0x0040cc90        0x2 source/drivers/chirpmicro/src/ch_common.o
 *fill*         0x0040cc92        0x2 
 .rodata        0x0040cc94        0xc source/drivers/chirpmicro/src/ch_driver.o
 .rodata        0x0040cca0       0x10 source/drivers/inv/inv_uart.o
 .rodata._global_impure_ptr
                0x0040ccb0        0x4 c:/program files (x86)/atmel/studio/7.0/toolchain/arm/arm-gnu-toolchain/bin/../lib/gcc/arm-none-eabi/6.3.1/../../../../arm-none-eabi/lib/thumb/v7e-m\libc_nano.a(lib_a-impure.o)
                0x0040ccb0                _global_impure_ptr
 .rodata._printf_float.str1.1
                0x0040ccb4       0x12 c:/program files (x86)/atmel/studio/7.0/toolchain/arm/arm-gnu-toolchain/bin/../lib/gcc/arm-none-eabi/6.3.1/../../../../arm-none-eabi/lib/thumb/v7e-m\libc_nano.a(lib_a-nano-vfprintf_float.o)
 .rodata._printf_i.str1.1
                0x0040ccc6       0x22 c:/program files (x86)/atmel/studio/7.0/toolchain/arm/arm-gnu-toolchain/bin/../lib/gcc/arm-none-eabi/6.3.1/../../../../arm-none-eabi/lib/thumb/v7e-m\libc_nano.a(lib_a-nano-vfprintf_i.o)
 .rodata._dtoa_r.str1.1
                0x0040cce8        0xd c:/program files (x86)/atmel/studio/7.0/toolchain/arm/arm-gnu-toolchain/bin/../lib/gcc/arm-none-eabi/6.3.1/../../../../arm-none-eabi/lib/thumb/v7e-m\libc_nano.a(lib_a-dtoa.o)
                                  0xf (size before relaxing)
 *fill*         0x0040ccf5        0x3 
 .rodata.__sf_fake_stderr
                0x0040ccf8       0x20 c:/program files (x86)/atmel/studio/7.0/toolchain/arm/arm-gnu-toolchain/bin/../lib/gcc/arm-none-eabi/6.3.1/../../../../arm-none-eabi/lib/thumb/v7e-m\libc_nano.a(lib_a-findfp.o)
                0x0040ccf8                __sf_fake_stderr
 .rodata.__sf_fake_stdin
                0x0040cd18       0x20 c:/program files (x86)/atmel/studio/7.0/toolchain/arm/arm-gnu-toolchain/bin/../lib/gcc/arm-none-eabi/6.3.1/../../../../arm-none-eabi/lib/thumb/v7e-m\libc_nano.a(lib_a-findfp.o)
                0x0040cd18                __sf_fake_stdin
 .rodata.__sf_fake_stdout
                0x0040cd38       0x20 c:/program files (x86)/atmel/studio/7.0/toolchain/arm/arm-gnu-toolchain/bin/../lib/gcc/arm-none-eabi/6.3.1/../../../../arm-none-eabi/lib/thumb/v7e-m\libc_nano.a(lib_a-findfp.o)
                0x0040cd38                __sf_fake_stdout
 .rodata.__mprec_bigtens
                0x0040cd58       0x28 c:/program files (x86)/atmel/studio/7.0/toolchain/arm/arm-gnu-toolchain/bin/../lib/gcc/arm-none-eabi/6.3.1/../../../../arm-none-eabi/lib/thumb/v7e-m\libc_nano.a(lib_a-mprec.o)
                0x0040cd58                __mprec_bigtens
 .rodata.__mprec_tens
                0x0040cd80       0xc8 c:/program files (x86)/atmel/studio/7.0/toolchain/arm/arm-gnu-toolchain/bin/../lib/gcc/arm-none-eabi/6.3.1/../../../../arm-none-eabi/lib/thumb/v7e-m\libc_nano.a(lib_a-mprec.o)
                0x0040cd80                __mprec_tens
 .rodata.p05.6047
                0x0040ce48        0xc c:/program files (x86)/atmel/studio/7.0/toolchain/arm/arm-gnu-toolchain/bin/../lib/gcc/arm-none-eabi/6.3.1/../../../../arm-none-eabi/lib/thumb/v7e-m\libc_nano.a(lib_a-mprec.o)
 .rodata._vfprintf_r.str1.1
                0x0040ce54       0x11 c:/program files (x86)/atmel/studio/7.0/toolchain/arm/arm-gnu-toolchain/bin/../lib/gcc/arm-none-eabi/6.3.1/../../../../arm-none-eabi/lib/thumb/v7e-m\libc_nano.a(lib_a-nano-vfprintf.o)
 .rodata._setlocale_r.str1.1
                0x0040ce65        0x8 c:/program files (x86)/atmel/studio/7.0/toolchain/arm/arm-gnu-toolchain/bin/../lib/gcc/arm-none-eabi/6.3.1/../../../../arm-none-eabi/lib/thumb/v7e-m\libc_nano.a(lib_a-locale.o)
                                  0x9 (size before relaxing)
 .rodata.str1.1
                0x0040ce6d        0x2 c:/program files (x86)/atmel/studio/7.0/toolchain/arm/arm-gnu-toolchain/bin/../lib/gcc/arm-none-eabi/6.3.1/../../../../arm-none-eabi/lib/thumb/v7e-m\libc_nano.a(lib_a-locale.o)
 .rodata._ctype_
                0x0040ce6f      0x101 c:/program files (x86)/atmel/studio/7.0/toolchain/arm/arm-gnu-toolchain/bin/../lib/gcc/arm-none-eabi/6.3.1/../../../../arm-none-eabi/lib/thumb/v7e-m\libc_nano.a(lib_a-ctype_.o)
                0x0040ce6f                _ctype_
 *(.ARM.extab* .gnu.linkonce.armextab.*)
                0x0040cf70                . = ALIGN (0x4)
 *(.init)
 .init          0x0040cf70        0x4 c:/program files (x86)/atmel/studio/7.0/toolchain/arm/arm-gnu-toolchain/bin/../lib/gcc/arm-none-eabi/6.3.1/thumb/v7e-m/crti.o
                0x0040cf70                _init
 .init          0x0040cf74        0x8 c:/program files (x86)/atmel/studio/7.0/toolchain/arm/arm-gnu-toolchain/bin/../lib/gcc/arm-none-eabi/6.3.1/thumb/v7e-m/crtn.o
                0x0040cf7c                . = ALIGN (0x4)
                0x0040cf7c                __preinit_array_start = .
 *(.preinit_array)
                0x0040cf7c                __preinit_array_end = .
                0x0040cf7c                . = ALIGN (0x4)
                0x0040cf7c                __init_array_start = .
 *(SORT(.init_array.*))
 *(.init_array)
 .init_array    0x0040cf7c        0x4 c:/program files (x86)/atmel/studio/7.0/toolchain/arm/arm-gnu-toolchain/bin/../lib/gcc/arm-none-eabi/6.3.1/thumb/v7e-m/crtbegin.o
                0x0040cf80                __init_array_end = .
                0x0040cf80                . = ALIGN (0x4)
 *crtbegin.o(.ctors)
 *(EXCLUDE_FILE(*crtend.o) .ctors)
 *(SORT(.ctors.*))
 *crtend.o(.ctors)
                0x0040cf80                . = ALIGN (0x4)
 *(.fini)
 .fini          0x0040cf80        0x4 c:/program files (x86)/atmel/studio/7.0/toolchain/arm/arm-gnu-toolchain/bin/../lib/gcc/arm-none-eabi/6.3.1/thumb/v7e-m/crti.o
                0x0040cf80                _fini
 .fini          0x0040cf84        0x8 c:/program files (x86)/atmel/studio/7.0/toolchain/arm/arm-gnu-toolchain/bin/../lib/gcc/arm-none-eabi/6.3.1/thumb/v7e-m/crtn.o
                0x0040cf8c                . = ALIGN (0x4)
                0x0040cf8c                __fini_array_start = .
 *(.fini_array)
 .fini_array    0x0040cf8c        0x4 c:/program files (x86)/atmel/studio/7.0/toolchain/arm/arm-gnu-toolchain/bin/../lib/gcc/arm-none-eabi/6.3.1/thumb/v7e-m/crtbegin.o
 *(SORT(.fini_array.*))
                0x0040cf90                __fini_array_end = .
 *crtbegin.o(.dtors)
 *(EXCLUDE_FILE(*crtend.o) .dtors)
 *(SORT(.dtors.*))
 *crtend.o(.dtors)
                0x0040cf90                . = ALIGN (0x4)
                0x0040cf90                _efixed = .
                [!provide]                PROVIDE (__exidx_start, .)

.vfp11_veneer   0x0040cf90        0x0
 .vfp11_veneer  0x0040cf90        0x0 linker stubs

.v4_bx          0x0040cf90        0x0
 .v4_bx         0x0040cf90        0x0 linker stubs

.iplt           0x0040cf90        0x0
 .iplt          0x0040cf90        0x0 c:/program files (x86)/atmel/studio/7.0/toolchain/arm/arm-gnu-toolchain/bin/../lib/gcc/arm-none-eabi/6.3.1/thumb/v7e-m/crtbegin.o

.ARM.exidx      0x0040cf90        0x8
 *(.ARM.exidx* .gnu.linkonce.armexidx.*)
 .ARM.exidx     0x0040cf90        0x8 c:/program files (x86)/atmel/studio/7.0/toolchain/arm/arm-gnu-toolchain/bin/../lib/gcc/arm-none-eabi/6.3.1/thumb/v7e-m\libgcc.a(_udivmoddi4.o)
                [!provide]                PROVIDE (__exidx_end, .)

.eh_frame       0x0040cf98        0x0
 .eh_frame      0x0040cf98        0x0 c:/program files (x86)/atmel/studio/7.0/toolchain/arm/arm-gnu-toolchain/bin/../lib/gcc/arm-none-eabi/6.3.1/thumb/v7e-m/crtbegin.o

.rel.dyn        0x0040cf98        0x0
 .rel.iplt      0x0040cf98        0x0 c:/program files (x86)/atmel/studio/7.0/toolchain/arm/arm-gnu-toolchain/bin/../lib/gcc/arm-none-eabi/6.3.1/thumb/v7e-m/crtbegin.o

.jcr            0x0040cf98        0x0
 .jcr           0x0040cf98        0x0 c:/program files (x86)/atmel/studio/7.0/toolchain/arm/arm-gnu-toolchain/bin/../lib/gcc/arm-none-eabi/6.3.1/thumb/v7e-m/crtbegin.o

.igot.plt       0x0040cf98        0x0
 .igot.plt      0x0040cf98        0x0 c:/program files (x86)/atmel/studio/7.0/toolchain/arm/arm-gnu-toolchain/bin/../lib/gcc/arm-none-eabi/6.3.1/thumb/v7e-m/crtbegin.o
                0x0040cf98                . = ALIGN (0x4)
                0x0040cf98                _etext = .

.relocate       0x20000000      0x348 load address 0x0040cf98
                0x20000000                . = ALIGN (0x4)
                0x20000000                _srelocate = .
 *(.ramfunc .ramfunc.*)
 .ramfunc       0x20000000        0xa source/board/common/services/delay/sam/cycle_counter.o
                0x20000000                portable_delay_cycles
 .ramfunc       0x2000000a       0xf2 source/board/sam/drivers/efc/efc.o
                0x2000000a                efc_perform_read_sequence
                0x200000ae                efc_write_fmr
                0x200000ca                efc_perform_fcr
 *(.data .data.*)
 .data.chirp_ch201_thresholds
                0x200000fc       0x18 source/application/smartsonic-hellochirp-example/main.o
                0x200000fc                chirp_ch201_thresholds
 .data.g_interrupt_enabled
                0x20000114        0x1 source/board/common/utils/interrupt/interrupt_sam_nvic.o
                0x20000114                g_interrupt_enabled
 *fill*         0x20000115        0x3 
 .data.chirp_i2c_addrs
                0x20000118        0x4 source/board/HAL/src/chbsp_chirp_samg55.o
 .data.chirp_i2c_buses
                0x2000011c        0x4 source/board/HAL/src/chbsp_chirp_samg55.o
 .data.chirp_pin_prog
                0x20000120       0x10 source/board/HAL/src/chbsp_chirp_samg55.o
                0x20000120                chirp_pin_prog
 .data.chirp_pin_io
                0x20000130       0x10 source/board/HAL/src/chbsp_chirp_samg55.o
                0x20000130                chirp_pin_io
 .data.chirp_pin_io_irq
                0x20000140       0x10 source/board/HAL/src/chbsp_chirp_samg55.o
                0x20000140                chirp_pin_io_irq
 .data.chirp_led_pins
                0x20000150       0x10 source/board/HAL/src/chbsp_chirp_samg55.o
                0x20000150                chirp_led_pins
 .data.ultrasound_timer_period_in_tick
                0x20000160        0x2 source/board/HAL/src/chbsp_chirp_samg55.o
 *fill*         0x20000162        0x2 
 .data.adc_local
                0x20000164        0x4 source/board/HAL/src/chbsp_chirp_samg55.o
 .data.adc_reg  0x20000168        0x4 source/board/HAL/src/chbsp_chirp_samg55.o
 .data.ul_flash_in_wait_mode
                0x2000016c        0x4 source/board/sam/drivers/pmc/pmc.o
 .data.SystemCoreClock
                0x20000170        0x4 source/board/sam/utils/cmsis/samg/samg55/source/templates/system_samg55.o
                0x20000170                SystemCoreClock
 .data.ch201_gprmt_version
                0x20000174        0x4 source/drivers/chirpmicro/src/ch201_gprmt_fw.o
                0x20000174                ch201_gprmt_version
 .data._impure_ptr
                0x20000178        0x4 c:/program files (x86)/atmel/studio/7.0/toolchain/arm/arm-gnu-toolchain/bin/../lib/gcc/arm-none-eabi/6.3.1/../../../../arm-none-eabi/lib/thumb/v7e-m\libc_nano.a(lib_a-impure.o)
                0x20000178                _impure_ptr
 .data.impure_data
                0x2000017c       0x60 c:/program files (x86)/atmel/studio/7.0/toolchain/arm/arm-gnu-toolchain/bin/../lib/gcc/arm-none-eabi/6.3.1/../../../../arm-none-eabi/lib/thumb/v7e-m\libc_nano.a(lib_a-impure.o)
 .data.__global_locale
                0x200001dc      0x16c c:/program files (x86)/atmel/studio/7.0/toolchain/arm/arm-gnu-toolchain/bin/../lib/gcc/arm-none-eabi/6.3.1/../../../../arm-none-eabi/lib/thumb/v7e-m\libc_nano.a(lib_a-locale.o)
                0x200001dc                __global_locale
 *(customer_api)
                0x20000348                . = ALIGN (0x4)
                0x20000348                _erelocate = .

.bss            0x20000348      0x5e8 load address 0x0040d2e0
                0x20000348                . = ALIGN (0x4)
                0x20000348                _sbss = .
                0x20000348                _szero = .
 *(.bss .bss.*)
 .bss           0x20000348       0x1c c:/program files (x86)/atmel/studio/7.0/toolchain/arm/arm-gnu-toolchain/bin/../lib/gcc/arm-none-eabi/6.3.1/thumb/v7e-m/crtbegin.o
 .bss.taskflags
                0x20000364        0x4 source/application/smartsonic-hellochirp-example/main.o
                0x20000364                taskflags
 .bss.active_devices
                0x20000368        0x4 source/application/smartsonic-hellochirp-example/main.o
 .bss.data_ready_devices
                0x2000036c        0x4 source/application/smartsonic-hellochirp-example/main.o
 .bss.num_connected_sensors
                0x20000370        0x1 source/application/smartsonic-hellochirp-example/main.o
 .bss.num_triggered_devices
                0x20000371        0x1 source/application/smartsonic-hellochirp-example/main.o
 *fill*         0x20000372        0x2 
 .bss.cpu_irq_critical_section_counter
                0x20000374        0x4 source/board/common/utils/interrupt/interrupt_sam_nvic.o
 .bss.cpu_irq_prev_interrupt_state
                0x20000378        0x1 source/board/common/utils/interrupt/interrupt_sam_nvic.o
 *fill*         0x20000379        0x3 
 .bss.periodic_timer_callback_ptr
                0x2000037c        0x4 source/board/HAL/src/chbsp_chirp_samg55.o
 .bss.periodic_timer_interval_ms
                0x20000380        0x2 source/board/HAL/src/chbsp_chirp_samg55.o
 .bss.ultrasound_prev_period_end_in_tick
                0x20000382        0x2 source/board/HAL/src/chbsp_chirp_samg55.o
 .bss.decimation_counter
                0x20000384        0x1 source/board/HAL/src/chbsp_chirp_samg55.o
 .bss.decimation_factor
                0x20000385        0x1 source/board/HAL/src/chbsp_chirp_samg55.o
 *fill*         0x20000386        0x2 
 .bss.g_max_digital
                0x20000388        0x4 source/board/HAL/src/chbsp_chirp_samg55.o
 .bss.adc_cfg   0x2000038c       0x18 source/board/HAL/src/chbsp_chirp_samg55.o
 .bss.is_hw_init_done.12143
                0x200003a4        0x1 source/board/HAL/src/chbsp_chirp_samg55.o
 *fill*         0x200003a5        0x3 
 .bss.lsepoch_overflow_counter_in_tick.11502
                0x200003a8        0x8 source/board/HAL/src/time_hal.o
 .bss.gs_interrupt_sources
                0x200003b0       0x70 source/board/sam/drivers/pio/pio_handler.o
 .bss.gs_ul_nb_sources